Archive member included to satisfy reference by file (symbol)

c:/st/stm32cubeide_1.10.1/stm32cubeide/plugins/com.st.stm32cube.ide.mcu.externaltools.gnu-tools-for-stm32.10.3-2021.10.win32_1.0.0.202111181127/tools/bin/../lib/gcc/arm-none-eabi/10.3.1/../../../../arm-none-eabi/lib/thumb/v8-m.main+fp/hard\libc_nano.a(lib_a-errno.o)
                              ./Core/Src/syscalls.o (__errno)
c:/st/stm32cubeide_1.10.1/stm32cubeide/plugins/com.st.stm32cube.ide.mcu.externaltools.gnu-tools-for-stm32.10.3-2021.10.win32_1.0.0.202111181127/tools/bin/../lib/gcc/arm-none-eabi/10.3.1/../../../../arm-none-eabi/lib/thumb/v8-m.main+fp/hard\libc_nano.a(lib_a-exit.o)
                              c:/st/stm32cubeide_1.10.1/stm32cubeide/plugins/com.st.stm32cube.ide.mcu.externaltools.gnu-tools-for-stm32.10.3-2021.10.win32_1.0.0.202111181127/tools/bin/../lib/gcc/arm-none-eabi/10.3.1/../../../../arm-none-eabi/lib/thumb/v8-m.main+fp/hard/crt0.o (exit)
c:/st/stm32cubeide_1.10.1/stm32cubeide/plugins/com.st.stm32cube.ide.mcu.externaltools.gnu-tools-for-stm32.10.3-2021.10.win32_1.0.0.202111181127/tools/bin/../lib/gcc/arm-none-eabi/10.3.1/../../../../arm-none-eabi/lib/thumb/v8-m.main+fp/hard\libc_nano.a(lib_a-impure.o)
                              c:/st/stm32cubeide_1.10.1/stm32cubeide/plugins/com.st.stm32cube.ide.mcu.externaltools.gnu-tools-for-stm32.10.3-2021.10.win32_1.0.0.202111181127/tools/bin/../lib/gcc/arm-none-eabi/10.3.1/../../../../arm-none-eabi/lib/thumb/v8-m.main+fp/hard\libc_nano.a(lib_a-exit.o) (_global_impure_ptr)
c:/st/stm32cubeide_1.10.1/stm32cubeide/plugins/com.st.stm32cube.ide.mcu.externaltools.gnu-tools-for-stm32.10.3-2021.10.win32_1.0.0.202111181127/tools/bin/../lib/gcc/arm-none-eabi/10.3.1/../../../../arm-none-eabi/lib/thumb/v8-m.main+fp/hard\libc_nano.a(lib_a-init.o)
                              c:/st/stm32cubeide_1.10.1/stm32cubeide/plugins/com.st.stm32cube.ide.mcu.externaltools.gnu-tools-for-stm32.10.3-2021.10.win32_1.0.0.202111181127/tools/bin/../lib/gcc/arm-none-eabi/10.3.1/../../../../arm-none-eabi/lib/thumb/v8-m.main+fp/hard/crt0.o (__libc_init_array)
c:/st/stm32cubeide_1.10.1/stm32cubeide/plugins/com.st.stm32cube.ide.mcu.externaltools.gnu-tools-for-stm32.10.3-2021.10.win32_1.0.0.202111181127/tools/bin/../lib/gcc/arm-none-eabi/10.3.1/../../../../arm-none-eabi/lib/thumb/v8-m.main+fp/hard\libc_nano.a(lib_a-memset.o)
                              c:/st/stm32cubeide_1.10.1/stm32cubeide/plugins/com.st.stm32cube.ide.mcu.externaltools.gnu-tools-for-stm32.10.3-2021.10.win32_1.0.0.202111181127/tools/bin/../lib/gcc/arm-none-eabi/10.3.1/../../../../arm-none-eabi/lib/thumb/v8-m.main+fp/hard/crt0.o (memset)

Discarded input sections

 .text          0x0000000000000000        0x0 c:/st/stm32cubeide_1.10.1/stm32cubeide/plugins/com.st.stm32cube.ide.mcu.externaltools.gnu-tools-for-stm32.10.3-2021.10.win32_1.0.0.202111181127/tools/bin/../lib/gcc/arm-none-eabi/10.3.1/thumb/v8-m.main+fp/hard/crti.o
 .data          0x0000000000000000        0x0 c:/st/stm32cubeide_1.10.1/stm32cubeide/plugins/com.st.stm32cube.ide.mcu.externaltools.gnu-tools-for-stm32.10.3-2021.10.win32_1.0.0.202111181127/tools/bin/../lib/gcc/arm-none-eabi/10.3.1/thumb/v8-m.main+fp/hard/crti.o
 .bss           0x0000000000000000        0x0 c:/st/stm32cubeide_1.10.1/stm32cubeide/plugins/com.st.stm32cube.ide.mcu.externaltools.gnu-tools-for-stm32.10.3-2021.10.win32_1.0.0.202111181127/tools/bin/../lib/gcc/arm-none-eabi/10.3.1/thumb/v8-m.main+fp/hard/crti.o
 .data          0x0000000000000000        0x4 c:/st/stm32cubeide_1.10.1/stm32cubeide/plugins/com.st.stm32cube.ide.mcu.externaltools.gnu-tools-for-stm32.10.3-2021.10.win32_1.0.0.202111181127/tools/bin/../lib/gcc/arm-none-eabi/10.3.1/thumb/v8-m.main+fp/hard/crtbegin.o
 .rodata        0x0000000000000000       0x24 c:/st/stm32cubeide_1.10.1/stm32cubeide/plugins/com.st.stm32cube.ide.mcu.externaltools.gnu-tools-for-stm32.10.3-2021.10.win32_1.0.0.202111181127/tools/bin/../lib/gcc/arm-none-eabi/10.3.1/thumb/v8-m.main+fp/hard/crtbegin.o
 .text          0x0000000000000000       0x7c c:/st/stm32cubeide_1.10.1/stm32cubeide/plugins/com.st.stm32cube.ide.mcu.externaltools.gnu-tools-for-stm32.10.3-2021.10.win32_1.0.0.202111181127/tools/bin/../lib/gcc/arm-none-eabi/10.3.1/../../../../arm-none-eabi/lib/thumb/v8-m.main+fp/hard/crt0.o
 .data          0x0000000000000000        0x0 c:/st/stm32cubeide_1.10.1/stm32cubeide/plugins/com.st.stm32cube.ide.mcu.externaltools.gnu-tools-for-stm32.10.3-2021.10.win32_1.0.0.202111181127/tools/bin/../lib/gcc/arm-none-eabi/10.3.1/../../../../arm-none-eabi/lib/thumb/v8-m.main+fp/hard/crt0.o
 .bss           0x0000000000000000        0x0 c:/st/stm32cubeide_1.10.1/stm32cubeide/plugins/com.st.stm32cube.ide.mcu.externaltools.gnu-tools-for-stm32.10.3-2021.10.win32_1.0.0.202111181127/tools/bin/../lib/gcc/arm-none-eabi/10.3.1/../../../../arm-none-eabi/lib/thumb/v8-m.main+fp/hard/crt0.o
[...]
Memory Configuration

Name             Origin             Length             Attributes
RAM              0x0000000020000000 0x00000000000c0000 xrw
SRAM4            0x0000000028000000 0x0000000000004000 xrw
FLASH            0x0000000008000000 0x0000000000200000 xr
*default*        0x0000000000000000 0xffffffffffffffff

Linker script and memory map

LOAD c:/st/stm32cubeide_1.10.1/stm32cubeide/plugins/com.st.stm32cube.ide.mcu.externaltools.gnu-tools-for-stm32.10.3-2021.10.win32_1.0.0.202111181127/tools/bin/../lib/gcc/arm-none-eabi/10.3.1/thumb/v8-m.main+fp/hard/crti.o
LOAD c:/st/stm32cubeide_1.10.1/stm32cubeide/plugins/com.st.stm32cube.ide.mcu.externaltools.gnu-tools-for-stm32.10.3-2021.10.win32_1.0.0.202111181127/tools/bin/../lib/gcc/arm-none-eabi/10.3.1/thumb/v8-m.main+fp/hard/crtbegin.o
LOAD c:/st/stm32cubeide_1.10.1/stm32cubeide/plugins/com.st.stm32cube.ide.mcu.externaltools.gnu-tools-for-stm32.10.3-2021.10.win32_1.0.0.202111181127/tools/bin/../lib/gcc/arm-none-eabi/10.3.1/../../../../arm-none-eabi/lib/thumb/v8-m.main+fp/hard/crt0.o
LOAD ./Core/Src/main.o
LOAD ./Core/Src/stm32u5xx_hal_msp.o
LOAD ./Core/Src/stm32u5xx_it.o
LOAD ./Core/Src/syscalls.o
LOAD ./Core/Src/sysmem.o
LOAD ./Core/Src/system_stm32u5xx.o
LOAD ./Core/Src/task_1_1.o
LOAD ./Core/Src/task_1_2.o
LOAD ./Core/Startup/startup_stm32u585aiixq.o
LOAD ./Drivers/STM32U5xx_HAL_Driver/Src/stm32u5xx_hal.o
LOAD ./Drivers/STM32U5xx_HAL_Driver/Src/stm32u5xx_hal_cortex.o
LOAD ./Drivers/STM32U5xx_HAL_Driver/Src/stm32u5xx_hal_dma.o
LOAD ./Drivers/STM32U5xx_HAL_Driver/Src/stm32u5xx_hal_dma_ex.o
LOAD ./Drivers/STM32U5xx_HAL_Driver/Src/stm32u5xx_hal_exti.o
LOAD ./Drivers/STM32U5xx_HAL_Driver/Src/stm32u5xx_hal_flash.o
LOAD ./Drivers/STM32U5xx_HAL_Driver/Src/stm32u5xx_hal_flash_ex.o
LOAD ./Drivers/STM32U5xx_HAL_Driver/Src/stm32u5xx_hal_gpio.o
LOAD ./Drivers/STM32U5xx_HAL_Driver/Src/stm32u5xx_hal_gtzc.o
LOAD ./Drivers/STM32U5xx_HAL_Driver/Src/stm32u5xx_hal_i2c.o
LOAD ./Drivers/STM32U5xx_HAL_Driver/Src/stm32u5xx_hal_i2c_ex.o
LOAD ./Drivers/STM32U5xx_HAL_Driver/Src/stm32u5xx_hal_icache.o
LOAD ./Drivers/STM32U5xx_HAL_Driver/Src/stm32u5xx_hal_pwr.o
LOAD ./Drivers/STM32U5xx_HAL_Driver/Src/stm32u5xx_hal_pwr_ex.o
LOAD ./Drivers/STM32U5xx_HAL_Driver/Src/stm32u5xx_hal_rcc.o
LOAD ./Drivers/STM32U5xx_HAL_Driver/Src/stm32u5xx_hal_rcc_ex.o
LOAD ./Drivers/STM32U5xx_HAL_Driver/Src/stm32u5xx_hal_tim.o
LOAD ./Drivers/STM32U5xx_HAL_Driver/Src/stm32u5xx_hal_tim_ex.o
START GROUP
LOAD c:/st/stm32cubeide_1.10.1/stm32cubeide/plugins/com.st.stm32cube.ide.mcu.externaltools.gnu-tools-for-stm32.10.3-2021.10.win32_1.0.0.202111181127/tools/bin/../lib/gcc/arm-none-eabi/10.3.1/../../../../arm-none-eabi/lib/thumb/v8-m.main+fp/hard\libc_nano.a
LOAD c:/st/stm32cubeide_1.10.1/stm32cubeide/plugins/com.st.stm32cube.ide.mcu.externaltools.gnu-tools-for-stm32.10.3-2021.10.win32_1.0.0.202111181127/tools/bin/../lib/gcc/arm-none-eabi/10.3.1/../../../../arm-none-eabi/lib/thumb/v8-m.main+fp/hard\libm.a
END GROUP
START GROUP
LOAD c:/st/stm32cubeide_1.10.1/stm32cubeide/plugins/com.st.stm32cube.ide.mcu.externaltools.gnu-tools-for-stm32.10.3-2021.10.win32_1.0.0.202111181127/tools/bin/../lib/gcc/arm-none-eabi/10.3.1/thumb/v8-m.main+fp/hard\libgcc.a
LOAD c:/st/stm32cubeide_1.10.1/stm32cubeide/plugins/com.st.stm32cube.ide.mcu.externaltools.gnu-tools-for-stm32.10.3-2021.10.win32_1.0.0.202111181127/tools/bin/../lib/gcc/arm-none-eabi/10.3.1/../../../../arm-none-eabi/lib/thumb/v8-m.main+fp/hard\libc_nano.a
END GROUP
START GROUP
LOAD c:/st/stm32cubeide_1.10.1/stm32cubeide/plugins/com.st.stm32cube.ide.mcu.externaltools.gnu-tools-for-stm32.10.3-2021.10.win32_1.0.0.202111181127/tools/bin/../lib/gcc/arm-none-eabi/10.3.1/thumb/v8-m.main+fp/hard\libgcc.a
LOAD c:/st/stm32cubeide_1.10.1/stm32cubeide/plugins/com.st.stm32cube.ide.mcu.externaltools.gnu-tools-for-stm32.10.3-2021.10.win32_1.0.0.202111181127/tools/bin/../lib/gcc/arm-none-eabi/10.3.1/../../../../arm-none-eabi/lib/thumb/v8-m.main+fp/hard\libc_nano.a
LOAD c:/st/stm32cubeide_1.10.1/stm32cubeide/plugins/com.st.stm32cube.ide.mcu.externaltools.gnu-tools-for-stm32.10.3-2021.10.win32_1.0.0.202111181127/tools/bin/../lib/gcc/arm-none-eabi/10.3.1/../../../../arm-none-eabi/lib/thumb/v8-m.main+fp/hard\libnosys.a
END GROUP
START GROUP
LOAD c:/st/stm32cubeide_1.10.1/stm32cubeide/plugins/com.st.stm32cube.ide.mcu.externaltools.gnu-tools-for-stm32.10.3-2021.10.win32_1.0.0.202111181127/tools/bin/../lib/gcc/arm-none-eabi/10.3.1/thumb/v8-m.main+fp/hard\libgcc.a
LOAD c:/st/stm32cubeide_1.10.1/stm32cubeide/plugins/com.st.stm32cube.ide.mcu.externaltools.gnu-tools-for-stm32.10.3-2021.10.win32_1.0.0.202111181127/tools/bin/../lib/gcc/arm-none-eabi/10.3.1/../../../../arm-none-eabi/lib/thumb/v8-m.main+fp/hard\libc_nano.a
LOAD c:/st/stm32cubeide_1.10.1/stm32cubeide/plugins/com.st.stm32cube.ide.mcu.externaltools.gnu-tools-for-stm32.10.3-2021.10.win32_1.0.0.202111181127/tools/bin/../lib/gcc/arm-none-eabi/10.3.1/../../../../arm-none-eabi/lib/thumb/v8-m.main+fp/hard\libnosys.a
END GROUP
LOAD c:/st/stm32cubeide_1.10.1/stm32cubeide/plugins/com.st.stm32cube.ide.mcu.externaltools.gnu-tools-for-stm32.10.3-2021.10.win32_1.0.0.202111181127/tools/bin/../lib/gcc/arm-none-eabi/10.3.1/thumb/v8-m.main+fp/hard/crtend.o
LOAD c:/st/stm32cubeide_1.10.1/stm32cubeide/plugins/com.st.stm32cube.ide.mcu.externaltools.gnu-tools-for-stm32.10.3-2021.10.win32_1.0.0.202111181127/tools/bin/../lib/gcc/arm-none-eabi/10.3.1/thumb/v8-m.main+fp/hard/crtn.o
                0x00000000200c0000                _estack = (ORIGIN (RAM) + LENGTH (RAM))
                0x0000000000000200                _Min_Heap_Size = 0x200
                0x0000000000000400                _Min_Stack_Size = 0x400

.isr_vector     0x0000000008000000      0x234
 *(.isr_vector)
 .isr_vector    0x0000000008000000      0x234 ./Core/Startup/startup_stm32u585aiixq.o
                0x0000000008000000                g_pfnVectors

.text           0x0000000008000234     0x20e4
 *(.text)
 .text          0x0000000008000234       0x40 c:/st/stm32cubeide_1.10.1/stm32cubeide/plugins/com.st.stm32cube.ide.mcu.externaltools.gnu-tools-for-stm32.10.3-2021.10.win32_1.0.0.202111181127/tools/bin/../lib/gcc/arm-none-eabi/10.3.1/thumb/v8-m.main+fp/hard/crtbegin.o
 *(.text*)
 .text.main     0x0000000008000274       0x1a ./Core/Src/main.o
                0x0000000008000274                main
 .text.SystemClock_Config
                0x000000000800028e       0xb8 ./Core/Src/main.o
                0x000000000800028e                SystemClock_Config
 .text.SystemPower_Config
                0x0000000008000346       0x18 ./Core/Src/main.o
 .text.Error_Handler
                0x000000000800035e        0xa ./Core/Src/main.o
                0x000000000800035e                Error_Handler
 .text.HAL_MspInit
                0x0000000008000368       0x34 ./Core/Src/stm32u5xx_hal_msp.o
                0x0000000008000368                HAL_MspInit
 .text.NMI_Handler
                0x000000000800039c        0x6 ./Core/Src/stm32u5xx_it.o
                0x000000000800039c                NMI_Handler
 .text.HardFault_Handler
                0x00000000080003a2        0x6 ./Core/Src/stm32u5xx_it.o
                0x00000000080003a2                HardFault_Handler
 .text.MemManage_Handler
                0x00000000080003a8        0x6 ./Core/Src/stm32u5xx_it.o
                0x00000000080003a8                MemManage_Handler
 .text.BusFault_Handler
                0x00000000080003ae        0x6 ./Core/Src/stm32u5xx_it.o
                0x00000000080003ae                BusFault_Handler
 .text.UsageFault_Handler
                0x00000000080003b4        0x6 ./Core/Src/stm32u5xx_it.o
                0x00000000080003b4                UsageFault_Handler
 .text.SVC_Handler
                0x00000000080003ba        0xe ./Core/Src/stm32u5xx_it.o
                0x00000000080003ba                SVC_Handler
 .text.DebugMon_Handler
                0x00000000080003c8        0xe ./Core/Src/stm32u5xx_it.o
                0x00000000080003c8                DebugMon_Handler
 .text.PendSV_Handler
                0x00000000080003d6        0xe ./Core/Src/stm32u5xx_it.o
                0x00000000080003d6                PendSV_Handler
 .text.SysTick_Handler
                0x00000000080003e4        0xc ./Core/Src/stm32u5xx_it.o
                0x00000000080003e4                SysTick_Handler
 .text.SystemInit
                0x00000000080003f0       0x70 ./Core/Src/system_stm32u5xx.o
                0x00000000080003f0                SystemInit
 .text.task_1_2
                0x0000000008000460       0x8c ./Core/Src/task_1_2.o
                0x0000000008000460                task_1_2
 .text.Reset_Handler
                0x00000000080004ec       0x50 ./Core/Startup/startup_stm32u585aiixq.o
                0x00000000080004ec                Reset_Handler
 .text.Default_Handler
                0x000000000800053c        0x2 ./Core/Startup/startup_stm32u585aiixq.o
                0x000000000800053c                EXTI2_IRQHandler
                0x000000000800053c                TIM8_TRG_COM_IRQHandler
                0x000000000800053c                TIM8_CC_IRQHandler
                0x000000000800053c                EXTI5_IRQHandler
                0x000000000800053c                FLASH_S_IRQHandler
                0x000000000800053c                EXTI13_IRQHandler
                0x000000000800053c                TIM1_CC_IRQHandler
                0x000000000800053c                TSC_IRQHandler
                0x000000000800053c                TAMP_IRQHandler
                0x000000000800053c                TIM6_IRQHandler
                0x000000000800053c                EXTI12_IRQHandler
                0x000000000800053c                CORDIC_IRQHandler
                0x000000000800053c                EXTI3_IRQHandler
                0x000000000800053c                LPTIM4_IRQHandler
                0x000000000800053c                GPDMA1_Channel5_IRQHandler
                0x000000000800053c                EXTI8_IRQHandler
                0x000000000800053c                LPTIM2_IRQHandler
                0x000000000800053c                I2C3_ER_IRQHandler
                0x000000000800053c                PWR_S3WU_IRQHandler
                0x000000000800053c                MDF1_FLT2_IRQHandler
                0x000000000800053c                LPDMA1_Channel3_IRQHandler
                0x000000000800053c                LPTIM3_IRQHandler
                0x000000000800053c                EXTI0_IRQHandler
                0x000000000800053c                I2C2_EV_IRQHandler
                0x000000000800053c                FPU_IRQHandler
                0x000000000800053c                GPDMA1_Channel3_IRQHandler
                0x000000000800053c                GPDMA1_Channel7_IRQHandler
                0x000000000800053c                MDF1_FLT4_IRQHandler
                0x000000000800053c                FDCAN1_IT1_IRQHandler
                0x000000000800053c                RAMCFG_IRQHandler
                0x000000000800053c                GPDMA1_Channel9_IRQHandler
                0x000000000800053c                DCACHE1_IRQHandler
                0x000000000800053c                SPI1_IRQHandler
                0x000000000800053c                OCTOSPI1_IRQHandler
                0x000000000800053c                GPDMA1_Channel2_IRQHandler
                0x000000000800053c                TIM8_UP_IRQHandler
                0x000000000800053c                RCC_S_IRQHandler
                0x000000000800053c                OCTOSPI2_IRQHandler
                0x000000000800053c                SAI2_IRQHandler
                0x000000000800053c                MDF1_FLT1_IRQHandler
                0x000000000800053c                ADC1_IRQHandler
                0x000000000800053c                PKA_IRQHandler
                0x000000000800053c                MDF1_FLT5_IRQHandler
                0x000000000800053c                EXTI15_IRQHandler
                0x000000000800053c                TIM17_IRQHandler
                0x000000000800053c                USART3_IRQHandler
                0x000000000800053c                RTC_IRQHandler
                0x000000000800053c                EXTI9_IRQHandler
                0x000000000800053c                UART5_IRQHandler
                0x000000000800053c                TIM4_IRQHandler
                0x000000000800053c                I2C1_EV_IRQHandler
                0x000000000800053c                GPDMA1_Channel12_IRQHandler
                0x000000000800053c                GPDMA1_Channel1_IRQHandler
                0x000000000800053c                TIM16_IRQHandler
                0x000000000800053c                GPDMA1_Channel15_IRQHandler
                0x000000000800053c                UART4_IRQHandler
                0x000000000800053c                SecureFault_Handler
                0x000000000800053c                TIM3_IRQHandler
                0x000000000800053c                RCC_IRQHandler
                0x000000000800053c                TIM1_TRG_COM_IRQHandler
                0x000000000800053c                Default_Handler
                0x000000000800053c                GPDMA1_Channel8_IRQHandler
                0x000000000800053c                FMAC_IRQHandler
                0x000000000800053c                OTFDEC1_IRQHandler
                0x000000000800053c                GPDMA1_Channel11_IRQHandler
                0x000000000800053c                TIM7_IRQHandler
                0x000000000800053c                SDMMC1_IRQHandler
                0x000000000800053c                SAES_IRQHandler
                0x000000000800053c                TIM5_IRQHandler
                0x000000000800053c                UCPD1_IRQHandler
                0x000000000800053c                GPDMA1_Channel0_IRQHandler
                0x000000000800053c                TIM15_IRQHandler
                0x000000000800053c                I2C3_EV_IRQHandler
                0x000000000800053c                LPDMA1_Channel0_IRQHandler
                0x000000000800053c                PVD_PVM_IRQHandler
                0x000000000800053c                SPI2_IRQHandler
                0x000000000800053c                LPDMA1_Channel1_IRQHandler
                0x000000000800053c                EXTI14_IRQHandler
                0x000000000800053c                EXTI11_IRQHandler
                0x000000000800053c                OTFDEC2_IRQHandler
                0x000000000800053c                CRS_IRQHandler
                0x000000000800053c                GPDMA1_Channel14_IRQHandler
                0x000000000800053c                EXTI4_IRQHandler
                0x000000000800053c                RTC_S_IRQHandler
                0x000000000800053c                GPDMA1_Channel13_IRQHandler
                0x000000000800053c                RNG_IRQHandler
                0x000000000800053c                COMP_IRQHandler
                0x000000000800053c                TIM1_UP_IRQHandler
                0x000000000800053c                ADC4_IRQHandler
                0x000000000800053c                WWDG_IRQHandler
                0x000000000800053c                I2C4_EV_IRQHandler
                0x000000000800053c                ADF1_IRQHandler
                0x000000000800053c                IWDG_IRQHandler
                0x000000000800053c                LPUART1_IRQHandler
                0x000000000800053c                MDF1_FLT0_IRQHandler
                0x000000000800053c                FDCAN1_IT0_IRQHandler
                0x000000000800053c                TIM2_IRQHandler
                0x000000000800053c                GPDMA1_Channel4_IRQHandler
                0x000000000800053c                EXTI7_IRQHandler
                0x000000000800053c                DMA2D_IRQHandler
                0x000000000800053c                TIM1_BRK_IRQHandler
                0x000000000800053c                EXTI1_IRQHandler
                0x000000000800053c                SDMMC2_IRQHandler
                0x000000000800053c                AES_IRQHandler
                0x000000000800053c                DAC1_IRQHandler
                0x000000000800053c                GTZC_IRQHandler
                0x000000000800053c                MDF1_FLT3_IRQHandler
                0x000000000800053c                USART2_IRQHandler
                0x000000000800053c                GPDMA1_Channel6_IRQHandler
                0x000000000800053c                I2C2_ER_IRQHandler
                0x000000000800053c                TIM8_BRK_IRQHandler
                0x000000000800053c                FLASH_IRQHandler
                0x000000000800053c                USART1_IRQHandler
                0x000000000800053c                EXTI10_IRQHandler
                0x000000000800053c                OTG_FS_IRQHandler
                0x000000000800053c                SPI3_IRQHandler
                0x000000000800053c                LPDMA1_Channel2_IRQHandler
                0x000000000800053c                I2C1_ER_IRQHandler
                0x000000000800053c                FMC_IRQHandler
                0x000000000800053c                EXTI6_IRQHandler
                0x000000000800053c                LPTIM1_IRQHandler
                0x000000000800053c                DCMI_PSSI_IRQHandler
                0x000000000800053c                I2C4_ER_IRQHandler
                0x000000000800053c                GPDMA1_Channel10_IRQHandler
                0x000000000800053c                ICACHE_IRQHandler
                0x000000000800053c                SAI1_IRQHandler
                0x000000000800053c                HASH_IRQHandler
 *fill*         0x000000000800053e        0x2 
 .text.HAL_Init
                0x0000000008000540       0x5c ./Drivers/STM32U5xx_HAL_Driver/Src/stm32u5xx_hal.o
                0x0000000008000540                HAL_Init
 .text.HAL_InitTick
                0x000000000800059c       0x6c ./Drivers/STM32U5xx_HAL_Driver/Src/stm32u5xx_hal.o
                0x000000000800059c                HAL_InitTick
 .text.HAL_IncTick
                0x0000000008000608       0x28 ./Drivers/STM32U5xx_HAL_Driver/Src/stm32u5xx_hal.o
                0x0000000008000608                HAL_IncTick
 .text.HAL_GetTick
                0x0000000008000630       0x18 ./Drivers/STM32U5xx_HAL_Driver/Src/stm32u5xx_hal.o
                0x0000000008000630                HAL_GetTick
 .text.__NVIC_SetPriorityGrouping
                0x0000000008000648       0x48 ./Drivers/STM32U5xx_HAL_Driver/Src/stm32u5xx_hal_cortex.o
 .text.__NVIC_GetPriorityGrouping
                0x0000000008000690       0x1c ./Drivers/STM32U5xx_HAL_Driver/Src/stm32u5xx_hal_cortex.o
 .text.__NVIC_SetPriority
                0x00000000080006ac       0x54 ./Drivers/STM32U5xx_HAL_Driver/Src/stm32u5xx_hal_cortex.o
 .text.NVIC_EncodePriority
                0x0000000008000700       0x66 ./Drivers/STM32U5xx_HAL_Driver/Src/stm32u5xx_hal_cortex.o
 *fill*         0x0000000008000766        0x2 
 .text.SysTick_Config
                0x0000000008000768       0x44 ./Drivers/STM32U5xx_HAL_Driver/Src/stm32u5xx_hal_cortex.o
 .text.HAL_NVIC_SetPriorityGrouping
                0x00000000080007ac       0x16 ./Drivers/STM32U5xx_HAL_Driver/Src/stm32u5xx_hal_cortex.o
                0x00000000080007ac                HAL_NVIC_SetPriorityGrouping
 .text.HAL_NVIC_SetPriority
                0x00000000080007c2       0x34 ./Drivers/STM32U5xx_HAL_Driver/Src/stm32u5xx_hal_cortex.o
                0x00000000080007c2                HAL_NVIC_SetPriority
 .text.HAL_SYSTICK_Config
                0x00000000080007f6       0x18 ./Drivers/STM32U5xx_HAL_Driver/Src/stm32u5xx_hal_cortex.o
                0x00000000080007f6                HAL_SYSTICK_Config
 *fill*         0x000000000800080e        0x2 
 .text.HAL_GPIO_Init
                0x0000000008000810      0x3b0 ./Drivers/STM32U5xx_HAL_Driver/Src/stm32u5xx_hal_gpio.o
                0x0000000008000810                HAL_GPIO_Init
 .text.HAL_GPIO_WritePin
                0x0000000008000bc0       0x30 ./Drivers/STM32U5xx_HAL_Driver/Src/stm32u5xx_hal_gpio.o
                0x0000000008000bc0                HAL_GPIO_WritePin
 .text.HAL_GPIO_TogglePin
                0x0000000008000bf0       0x34 ./Drivers/STM32U5xx_HAL_Driver/Src/stm32u5xx_hal_gpio.o
                0x0000000008000bf0                HAL_GPIO_TogglePin
 .text.HAL_PWREx_ControlVoltageScaling
                0x0000000008000c24       0xe8 ./Drivers/STM32U5xx_HAL_Driver/Src/stm32u5xx_hal_pwr_ex.o
                0x0000000008000c24                HAL_PWREx_ControlVoltageScaling
 .text.HAL_PWREx_GetVoltageRange
                0x0000000008000d0c       0x1c ./Drivers/STM32U5xx_HAL_Driver/Src/stm32u5xx_hal_pwr_ex.o
                0x0000000008000d0c                HAL_PWREx_GetVoltageRange
 .text.HAL_PWREx_ConfigSupply
                0x0000000008000d28       0xa0 ./Drivers/STM32U5xx_HAL_Driver/Src/stm32u5xx_hal_pwr_ex.o
                0x0000000008000d28                HAL_PWREx_ConfigSupply
 .text.HAL_RCC_OscConfig
                0x0000000008000dc8      0xdac ./Drivers/STM32U5xx_HAL_Driver/Src/stm32u5xx_hal_rcc.o
                0x0000000008000dc8                HAL_RCC_OscConfig
 .text.HAL_RCC_ClockConfig
                0x0000000008001b74      0x3e4 ./Drivers/STM32U5xx_HAL_Driver/Src/stm32u5xx_hal_rcc.o
                0x0000000008001b74                HAL_RCC_ClockConfig
 .text.HAL_RCC_GetSysClockFreq
                0x0000000008001f58      0x210 ./Drivers/STM32U5xx_HAL_Driver/Src/stm32u5xx_hal_rcc.o
                0x0000000008001f58                HAL_RCC_GetSysClockFreq
 .text.HAL_RCC_GetHCLKFreq
                0x0000000008002168       0x34 ./Drivers/STM32U5xx_HAL_Driver/Src/stm32u5xx_hal_rcc.o
                0x0000000008002168                HAL_RCC_GetHCLKFreq
 .text.RCC_SetFlashLatencyFromMSIRange
                0x000000000800219c      0x10c ./Drivers/STM32U5xx_HAL_Driver/Src/stm32u5xx_hal_rcc.o
 .text.__libc_init_array
                0x00000000080022a8       0x48 c:/st/stm32cubeide_1.10.1/stm32cubeide/plugins/com.st.stm32cube.ide.mcu.externaltools.gnu-tools-for-stm32.10.3-2021.10.win32_1.0.0.202111181127/tools/bin/../lib/gcc/arm-none-eabi/10.3.1/../../../../arm-none-eabi/lib/thumb/v8-m.main+fp/hard\libc_nano.a(lib_a-init.o)
                0x00000000080022a8                __libc_init_array
 .text.memset   0x00000000080022f0       0x10 c:/st/stm32cubeide_1.10.1/stm32cubeide/plugins/com.st.stm32cube.ide.mcu.externaltools.gnu-tools-for-stm32.10.3-2021.10.win32_1.0.0.202111181127/tools/bin/../lib/gcc/arm-none-eabi/10.3.1/../../../../arm-none-eabi/lib/thumb/v8-m.main+fp/hard\libc_nano.a(lib_a-memset.o)
                0x00000000080022f0                memset
 *(.glue_7)
 .glue_7        0x0000000008002300        0x0 linker stubs
 *(.glue_7t)
 .glue_7t       0x0000000008002300        0x0 linker stubs
 *(.eh_frame)
 .eh_frame      0x0000000008002300        0x0 c:/st/stm32cubeide_1.10.1/stm32cubeide/plugins/com.st.stm32cube.ide.mcu.externaltools.gnu-tools-for-stm32.10.3-2021.10.win32_1.0.0.202111181127/tools/bin/../lib/gcc/arm-none-eabi/10.3.1/thumb/v8-m.main+fp/hard/crtbegin.o
 *(.init)
 .init          0x0000000008002300        0x4 c:/st/stm32cubeide_1.10.1/stm32cubeide/plugins/com.st.stm32cube.ide.mcu.externaltools.gnu-tools-for-stm32.10.3-2021.10.win32_1.0.0.202111181127/tools/bin/../lib/gcc/arm-none-eabi/10.3.1/thumb/v8-m.main+fp/hard/crti.o
                0x0000000008002300                _init
 .init          0x0000000008002304        0x8 c:/st/stm32cubeide_1.10.1/stm32cubeide/plugins/com.st.stm32cube.ide.mcu.externaltools.gnu-tools-for-stm32.10.3-2021.10.win32_1.0.0.202111181127/tools/bin/../lib/gcc/arm-none-eabi/10.3.1/thumb/v8-m.main+fp/hard/crtn.o
 *(.fini)
 .fini          0x000000000800230c        0x4 c:/st/stm32cubeide_1.10.1/stm32cubeide/plugins/com.st.stm32cube.ide.mcu.externaltools.gnu-tools-for-stm32.10.3-2021.10.win32_1.0.0.202111181127/tools/bin/../lib/gcc/arm-none-eabi/10.3.1/thumb/v8-m.main+fp/hard/crti.o
                0x000000000800230c                _fini
 .fini          0x0000000008002310        0x8 c:/st/stm32cubeide_1.10.1/stm32cubeide/plugins/com.st.stm32cube.ide.mcu.externaltools.gnu-tools-for-stm32.10.3-2021.10.win32_1.0.0.202111181127/tools/bin/../lib/gcc/arm-none-eabi/10.3.1/thumb/v8-m.main+fp/hard/crtn.o
                0x0000000008002318                _etext = .

.vfp11_veneer   0x0000000008002318        0x0
 .vfp11_veneer  0x0000000008002318        0x0 linker stubs

.v4_bx          0x0000000008002318        0x0
 .v4_bx         0x0000000008002318        0x0 linker stubs

.iplt           0x0000000008002318        0x0
 .iplt          0x0000000008002318        0x0 c:/st/stm32cubeide_1.10.1/stm32cubeide/plugins/com.st.stm32cube.ide.mcu.externaltools.gnu-tools-for-stm32.10.3-2021.10.win32_1.0.0.202111181127/tools/bin/../lib/gcc/arm-none-eabi/10.3.1/thumb/v8-m.main+fp/hard/crtbegin.o

.rodata         0x0000000008002318       0xd0
 *(.rodata)
 *(.rodata*)
 .rodata.AHBPrescTable
                0x0000000008002318       0x10 ./Core/Src/system_stm32u5xx.o
                0x0000000008002318                AHBPrescTable
 .rodata.MSIRangeTable
                0x0000000008002328       0x40 ./Core/Src/system_stm32u5xx.o
                0x0000000008002328                MSIRangeTable
 .rodata.LPGPIO_Map
                0x0000000008002368       0x80 ./Drivers/STM32U5xx_HAL_Driver/Src/stm32u5xx_hal_gpio.o

.rel.dyn        0x00000000080023e8        0x0
 .rel.iplt      0x00000000080023e8        0x0 c:/st/stm32cubeide_1.10.1/stm32cubeide/plugins/com.st.stm32cube.ide.mcu.externaltools.gnu-tools-for-stm32.10.3-2021.10.win32_1.0.0.202111181127/tools/bin/../lib/gcc/arm-none-eabi/10.3.1/thumb/v8-m.main+fp/hard/crtbegin.o

.ARM.extab
 *(.ARM.extab* .gnu.linkonce.armextab.*)

.ARM            0x00000000080023e8        0x0
                0x00000000080023e8                __exidx_start = .
 *(.ARM.exidx*)
                0x00000000080023e8                __exidx_end = .

.preinit_array  0x00000000080023e8        0x0
                0x00000000080023e8                PROVIDE (__preinit_array_start = .)
 *(.preinit_array*)
                0x00000000080023e8                PROVIDE (__preinit_array_end = .)

.init_array     0x00000000080023e8        0x4
                0x00000000080023e8                PROVIDE (__init_array_start = .)
 *(SORT_BY_NAME(.init_array.*))
 *(.init_array*)
 .init_array    0x00000000080023e8        0x4 c:/st/stm32cubeide_1.10.1/stm32cubeide/plugins/com.st.stm32cube.ide.mcu.externaltools.gnu-tools-for-stm32.10.3-2021.10.win32_1.0.0.202111181127/tools/bin/../lib/gcc/arm-none-eabi/10.3.1/thumb/v8-m.main+fp/hard/crtbegin.o
                0x00000000080023ec                PROVIDE (__init_array_end = .)

.fini_array     0x00000000080023ec        0x4
                [!provide]                        PROVIDE (__fini_array_start = .)
 *(SORT_BY_NAME(.fini_array.*))
 *(.fini_array*)
 .fini_array    0x00000000080023ec        0x4 c:/st/stm32cubeide_1.10.1/stm32cubeide/plugins/com.st.stm32cube.ide.mcu.externaltools.gnu-tools-for-stm32.10.3-2021.10.win32_1.0.0.202111181127/tools/bin/../lib/gcc/arm-none-eabi/10.3.1/thumb/v8-m.main+fp/hard/crtbegin.o
                [!provide]                        PROVIDE (__fini_array_end = .)
                0x00000000080023f0                _sidata = LOADADDR (.data)

.data           0x0000000020000000        0xd load address 0x00000000080023f0
                0x0000000020000000                _sdata = .
 *(.data)
 *(.data*)
 .data.g_waitcycles
                0x0000000020000000        0x4 ./Core/Src/main.o
                0x0000000020000000                g_waitcycles
 .data.SystemCoreClock
                0x0000000020000004        0x4 ./Core/Src/system_stm32u5xx.o
                0x0000000020000004                SystemCoreClock
 .data.uwTickPrio
                0x0000000020000008        0x4 ./Drivers/STM32U5xx_HAL_Driver/Src/stm32u5xx_hal.o
                0x0000000020000008                uwTickPrio
 .data.uwTickFreq
                0x000000002000000c        0x1 ./Drivers/STM32U5xx_HAL_Driver/Src/stm32u5xx_hal.o
                0x000000002000000c                uwTickFreq
 *(.RamFunc)
 *(.RamFunc*)
                0x000000002000000d                _edata = .

.igot.plt       0x0000000020000010        0x0 load address 0x00000000080023fd
 .igot.plt      0x0000000020000010        0x0 c:/st/stm32cubeide_1.10.1/stm32cubeide/plugins/com.st.stm32cube.ide.mcu.externaltools.gnu-tools-for-stm32.10.3-2021.10.win32_1.0.0.202111181127/tools/bin/../lib/gcc/arm-none-eabi/10.3.1/thumb/v8-m.main+fp/hard/crtbegin.o

.bss            0x0000000020000010       0x20 load address 0x00000000080023fd
                0x0000000020000010                _sbss = .
                0x0000000020000010                __bss_start__ = _sbss
 *(.bss)
 .bss           0x0000000020000010       0x1c c:/st/stm32cubeide_1.10.1/stm32cubeide/plugins/com.st.stm32cube.ide.mcu.externaltools.gnu-tools-for-stm32.10.3-2021.10.win32_1.0.0.202111181127/tools/bin/../lib/gcc/arm-none-eabi/10.3.1/thumb/v8-m.main+fp/hard/crtbegin.o
 *(.bss*)
 .bss.uwTick    0x000000002000002c        0x4 ./Drivers/STM32U5xx_HAL_Driver/Src/stm32u5xx_hal.o
                0x000000002000002c                uwTick
 *(COMMON)
                0x0000000020000030                _ebss = .
                0x0000000020000030                __bss_end__ = _ebss

._user_heap_stack
                0x0000000020000030      0x600 load address 0x00000000080023fd
                0x0000000020000030                . = ALIGN (0x8)
                [!provide]                        PROVIDE (end = .)
                0x0000000020000030                PROVIDE (_end = .)
                0x0000000020000230                . = (. + _Min_Heap_Size)
 *fill*         0x0000000020000030      0x200 
                0x0000000020000630                . = (. + _Min_Stack_Size)
 *fill*         0x0000000020000230      0x400 
                0x0000000020000630                . = ALIGN (0x8)

/DISCARD/
 libc.a(*)
 libm.a(*)
 libgcc.a(*)

.ARM.attributes
                0x0000000000000000       0x36
 *(.ARM.attributes)
 .ARM.attributes
                0x0000000000000000       0x22 c:/st/stm32cubeide_1.10.1/stm32cubeide/plugins/com.st.stm32cube.ide.mcu.externaltools.gnu-tools-for-stm32.10.3-2021.10.win32_1.0.0.202111181127/tools/bin/../lib/gcc/arm-none-eabi/10.3.1/thumb/v8-m.main+fp/hard/crti.o
 .ARM.attributes
                0x0000000000000022       0x38 c:/st/stm32cubeide_1.10.1/stm32cubeide/plugins/com.st.stm32cube.ide.mcu.externaltools.gnu-tools-for-stm32.10.3-2021.10.win32_1.0.0.202111181127/tools/bin/../lib/gcc/arm-none-eabi/10.3.1/thumb/v8-m.main+fp/hard/crtbegin.o
 .ARM.attributes
                0x000000000000005a       0x3a ./Core/Src/main.o
 .ARM.attributes
                0x0000000000000094       0x3a ./Core/Src/stm32u5xx_hal_msp.o
 .ARM.attributes
                0x00000000000000ce       0x3a ./Core/Src/stm32u5xx_it.o
 .ARM.attributes
                0x0000000000000108       0x3a ./Core/Src/system_stm32u5xx.o
 .ARM.attributes
                0x0000000000000142       0x3a ./Core/Src/task_1_2.o
 .ARM.attributes
                0x000000000000017c       0x24 ./Core/Startup/startup_stm32u585aiixq.o
 .ARM.attributes
                0x00000000000001a0       0x3a ./Drivers/STM32U5xx_HAL_Driver/Src/stm32u5xx_hal.o
 .ARM.attributes
                0x00000000000001da       0x3a ./Drivers/STM32U5xx_HAL_Driver/Src/stm32u5xx_hal_cortex.o
 .ARM.attributes
                0x0000000000000214       0x3a ./Drivers/STM32U5xx_HAL_Driver/Src/stm32u5xx_hal_gpio.o
 .ARM.attributes
                0x000000000000024e       0x3a ./Drivers/STM32U5xx_HAL_Driver/Src/stm32u5xx_hal_pwr_ex.o
 .ARM.attributes
                0x0000000000000288       0x3a ./Drivers/STM32U5xx_HAL_Driver/Src/stm32u5xx_hal_rcc.o
 .ARM.attributes
                0x00000000000002c2       0x38 c:/st/stm32cubeide_1.10.1/stm32cubeide/plugins/com.st.stm32cube.ide.mcu.externaltools.gnu-tools-for-stm32.10.3-2021.10.win32_1.0.0.202111181127/tools/bin/../lib/gcc/arm-none-eabi/10.3.1/../../../../arm-none-eabi/lib/thumb/v8-m.main+fp/hard\libc_nano.a(lib_a-init.o)
 .ARM.attributes
                0x00000000000002fa       0x38 c:/st/stm32cubeide_1.10.1/stm32cubeide/plugins/com.st.stm32cube.ide.mcu.externaltools.gnu-tools-for-stm32.10.3-2021.10.win32_1.0.0.202111181127/tools/bin/../lib/gcc/arm-none-eabi/10.3.1/../../../../arm-none-eabi/lib/thumb/v8-m.main+fp/hard\libc_nano.a(lib_a-memset.o)
 .ARM.attributes
                0x0000000000000332       0x22 c:/st/stm32cubeide_1.10.1/stm32cubeide/plugins/com.st.stm32cube.ide.mcu.externaltools.gnu-tools-for-stm32.10.3-2021.10.win32_1.0.0.202111181127/tools/bin/../lib/gcc/arm-none-eabi/10.3.1/thumb/v8-m.main+fp/hard/crtn.o
OUTPUT(lab1_task1.elf elf32-littlearm)
LOAD linker stubs
LOAD c:/st/stm32cubeide_1.10.1/stm32cubeide/plugins/com.st.stm32cube.ide.mcu.externaltools.gnu-tools-for-stm32.10.3-2021.10.win32_1.0.0.202111181127/tools/bin/../lib/gcc/arm-none-eabi/10.3.1/../../../../arm-none-eabi/lib/thumb/v8-m.main+fp/hard\libc.a
LOAD c:/st/stm32cubeide_1.10.1/stm32cubeide/plugins/com.st.stm32cube.ide.mcu.externaltools.gnu-tools-for-stm32.10.3-2021.10.win32_1.0.0.202111181127/tools/bin/../lib/gcc/arm-none-eabi/10.3.1/../../../../arm-none-eabi/lib/thumb/v8-m.main+fp/hard\libm.a
LOAD c:/st/stm32cubeide_1.10.1/stm32cubeide/plugins/com.st.stm32cube.ide.mcu.externaltools.gnu-tools-for-stm32.10.3-2021.10.win32_1.0.0.202111181127/tools/bin/../lib/gcc/arm-none-eabi/10.3.1/thumb/v8-m.main+fp/hard\libgcc.a

.debug_info     0x0000000000000000     0x6b77
 .debug_info    0x0000000000000000      0x3e0 ./Core/Src/main.o
 .debug_info    0x00000000000003e0      0x48d ./Core/Src/stm32u5xx_hal_msp.o
 .debug_info    0x000000000000086d      0x137 ./Core/Src/stm32u5xx_it.o
 .debug_info    0x00000000000009a4      0x8f2 ./Core/Src/system_stm32u5xx.o
 .debug_info    0x0000000000001296      0x680 ./Core/Src/task_1_2.o
 .debug_info    0x0000000000001916       0x22 ./Core/Startup/startup_stm32u585aiixq.o
 .debug_info    0x0000000000001938     0x11d3 ./Drivers/STM32U5xx_HAL_Driver/Src/stm32u5xx_hal.o
 .debug_info    0x0000000000002b0b     0x15d7 ./Drivers/STM32U5xx_HAL_Driver/Src/stm32u5xx_hal_cortex.o
 .debug_info    0x00000000000040e2      0x880 ./Drivers/STM32U5xx_HAL_Driver/Src/stm32u5xx_hal_gpio.o
 .debug_info    0x0000000000004962      0xe83 ./Drivers/STM32U5xx_HAL_Driver/Src/stm32u5xx_hal_pwr_ex.o
 .debug_info    0x00000000000057e5     0x1392 ./Drivers/STM32U5xx_HAL_Driver/Src/stm32u5xx_hal_rcc.o

.debug_abbrev   0x0000000000000000     0x122e
 .debug_abbrev  0x0000000000000000      0x19e ./Core/Src/main.o
 .debug_abbrev  0x000000000000019e       0xda ./Core/Src/stm32u5xx_hal_msp.o
 .debug_abbrev  0x0000000000000278       0x74 ./Core/Src/stm32u5xx_it.o
 .debug_abbrev  0x00000000000002ec      0x127 ./Core/Src/system_stm32u5xx.o
 .debug_abbrev  0x0000000000000413      0x175 ./Core/Src/task_1_2.o
 .debug_abbrev  0x0000000000000588       0x12 ./Core/Startup/startup_stm32u585aiixq.o
 .debug_abbrev  0x000000000000059a      0x285 ./Drivers/STM32U5xx_HAL_Driver/Src/stm32u5xx_hal.o
 .debug_abbrev  0x000000000000081f      0x303 ./Drivers/STM32U5xx_HAL_Driver/Src/stm32u5xx_hal_cortex.o
 .debug_abbrev  0x0000000000000b22      0x246 ./Drivers/STM32U5xx_HAL_Driver/Src/stm32u5xx_hal_gpio.o
 .debug_abbrev  0x0000000000000d68      0x20d ./Drivers/STM32U5xx_HAL_Driver/Src/stm32u5xx_hal_pwr_ex.o
 .debug_abbrev  0x0000000000000f75      0x2b9 ./Drivers/STM32U5xx_HAL_Driver/Src/stm32u5xx_hal_rcc.o

.debug_aranges  0x0000000000000000      0x690
 .debug_aranges
                0x0000000000000000       0x38 ./Core/Src/main.o
 .debug_aranges
                0x0000000000000038       0x20 ./Core/Src/stm32u5xx_hal_msp.o
 .debug_aranges
                0x0000000000000058       0x60 ./Core/Src/stm32u5xx_it.o
 .debug_aranges
                0x00000000000000b8       0x28 ./Core/Src/system_stm32u5xx.o
 .debug_aranges
                0x00000000000000e0       0x20 ./Core/Src/task_1_2.o
 .debug_aranges
                0x0000000000000100       0x28 ./Core/Startup/startup_stm32u585aiixq.o
 .debug_aranges
                0x0000000000000128      0x120 ./Drivers/STM32U5xx_HAL_Driver/Src/stm32u5xx_hal.o
 .debug_aranges
                0x0000000000000248      0x130 ./Drivers/STM32U5xx_HAL_Driver/Src/stm32u5xx_hal_cortex.o
 .debug_aranges
                0x0000000000000378       0x70 ./Drivers/STM32U5xx_HAL_Driver/Src/stm32u5xx_hal_gpio.o
 .debug_aranges
                0x00000000000003e8      0x200 ./Drivers/STM32U5xx_HAL_Driver/Src/stm32u5xx_hal_pwr_ex.o
 .debug_aranges
                0x00000000000005e8       0xa8 ./Drivers/STM32U5xx_HAL_Driver/Src/stm32u5xx_hal_rcc.o

.debug_ranges   0x0000000000000000      0x5e8
 .debug_ranges  0x0000000000000000       0x28 ./Core/Src/main.o
 .debug_ranges  0x0000000000000028       0x10 ./Core/Src/stm32u5xx_hal_msp.o
 .debug_ranges  0x0000000000000038       0x50 ./Core/Src/stm32u5xx_it.o
 .debug_ranges  0x0000000000000088       0x18 ./Core/Src/system_stm32u5xx.o
 .debug_ranges  0x00000000000000a0       0x10 ./Core/Src/task_1_2.o
 .debug_ranges  0x00000000000000b0       0x20 ./Core/Startup/startup_stm32u585aiixq.o
 .debug_ranges  0x00000000000000d0      0x110 ./Drivers/STM32U5xx_HAL_Driver/Src/stm32u5xx_hal.o
 .debug_ranges  0x00000000000001e0      0x120 ./Drivers/STM32U5xx_HAL_Driver/Src/stm32u5xx_hal_cortex.o
 .debug_ranges  0x0000000000000300       0x60 ./Drivers/STM32U5xx_HAL_Driver/Src/stm32u5xx_hal_gpio.o
 .debug_ranges  0x0000000000000360      0x1f0 ./Drivers/STM32U5xx_HAL_Driver/Src/stm32u5xx_hal_pwr_ex.o
 .debug_ranges  0x0000000000000550       0x98 ./Drivers/STM32U5xx_HAL_Driver/Src/stm32u5xx_hal_rcc.o

.debug_macro    0x0000000000000000    0x303db
 .debug_macro   0x0000000000000000      0x267 ./Core/Src/main.o
 .debug_macro   0x0000000000000267      0xa7e ./Core/Src/main.o
 .debug_macro   0x0000000000000ce5      0x1cd ./Core/Src/main.o
 .debug_macro   0x0000000000000eb2       0x2e ./Core/Src/main.o
 .debug_macro   0x0000000000000ee0       0x42 ./Core/Src/main.o
 .debug_macro   0x0000000000000f22       0x22 ./Core/Src/main.o
 .debug_macro   0x0000000000000f44       0x8e ./Core/Src/main.o
 .debug_macro   0x0000000000000fd2       0x51 ./Core/Src/main.o
 .debug_macro   0x0000000000001023      0x103 ./Core/Src/main.o
 .debug_macro   0x0000000000001126       0x6a ./Core/Src/main.o
 .debug_macro   0x0000000000001190      0x1df ./Core/Src/main.o
 .debug_macro   0x000000000000136f       0x1c ./Core/Src/main.o
 .debug_macro   0x000000000000138b       0x29 ./Core/Src/main.o
 .debug_macro   0x00000000000013b4       0xfb ./Core/Src/main.o
 .debug_macro   0x00000000000014af     0x1336 ./Core/Src/main.o
 .debug_macro   0x00000000000027e5       0x5e ./Core/Src/main.o
 .debug_macro   0x0000000000002843    0x2389c ./Core/Src/main.o
 .debug_macro   0x00000000000260df       0x6d ./Core/Src/main.o
 .debug_macro   0x000000000002614c     0x3794 ./Core/Src/main.o
 .debug_macro   0x00000000000298e0      0x174 ./Core/Src/main.o
 .debug_macro   0x0000000000029a54       0x52 ./Core/Src/main.o
 .debug_macro   0x0000000000029aa6       0x1e ./Core/Src/main.o
 .debug_macro   0x0000000000029ac4       0x3c ./Core/Src/main.o
 .debug_macro   0x0000000000029b00       0x34 ./Core/Src/main.o
 .debug_macro   0x0000000000029b34       0x16 ./Core/Src/main.o
 .debug_macro   0x0000000000029b4a       0x43 ./Core/Src/main.o
 .debug_macro   0x0000000000029b8d       0x34 ./Core/Src/main.o
 .debug_macro   0x0000000000029bc1       0x10 ./Core/Src/main.o
 .debug_macro   0x0000000000029bd1       0x58 ./Core/Src/main.o
 .debug_macro   0x0000000000029c29       0x71 ./Core/Src/main.o
 .debug_macro   0x0000000000029c9a       0x1c ./Core/Src/main.o
 .debug_macro   0x0000000000029cb6      0x12a ./Core/Src/main.o
 .debug_macro   0x0000000000029de0      0x341 ./Core/Src/main.o
 .debug_macro   0x000000000002a121      0x19b ./Core/Src/main.o
 .debug_macro   0x000000000002a2bc       0x5d ./Core/Src/main.o
 .debug_macro   0x000000000002a319     0x1bef ./Core/Src/main.o
 .debug_macro   0x000000000002bf08      0x7ff ./Core/Src/main.o
 .debug_macro   0x000000000002c707      0x158 ./Core/Src/main.o
 .debug_macro   0x000000000002c85f      0x2aa ./Core/Src/main.o
 .debug_macro   0x000000000002cb09      0x5a5 ./Core/Src/main.o
 .debug_macro   0x000000000002d0ae      0x432 ./Core/Src/main.o
 .debug_macro   0x000000000002d4e0       0xd6 ./Core/Src/main.o
 .debug_macro   0x000000000002d5b6      0x1cd ./Core/Src/main.o
 .debug_macro   0x000000000002d783      0x432 ./Core/Src/main.o
 .debug_macro   0x000000000002dbb5       0x95 ./Core/Src/main.o
 .debug_macro   0x000000000002dc4a      0x11c ./Core/Src/main.o
 .debug_macro   0x000000000002dd66      0x517 ./Core/Src/main.o
 .debug_macro   0x000000000002e27d      0x4d4 ./Core/Src/main.o
 .debug_macro   0x000000000002e751      0x1b7 ./Core/Src/main.o
 .debug_macro   0x000000000002e908      0x361 ./Core/Src/main.o
 .debug_macro   0x000000000002ec69       0x58 ./Core/Src/main.o
 .debug_macro   0x000000000002ecc1       0x16 ./Core/Src/main.o
 .debug_macro   0x000000000002ecd7      0x24f ./Core/Src/stm32u5xx_hal_msp.o
 .debug_macro   0x000000000002ef26      0x259 ./Core/Src/stm32u5xx_it.o
 .debug_macro   0x000000000002f17f      0x24c ./Core/Src/system_stm32u5xx.o
 .debug_macro   0x000000000002f3cb      0x336 ./Core/Src/task_1_2.o
 .debug_macro   0x000000000002f701      0x269 ./Drivers/STM32U5xx_HAL_Driver/Src/stm32u5xx_hal.o
 .debug_macro   0x000000000002f96a      0x245 ./Drivers/STM32U5xx_HAL_Driver/Src/stm32u5xx_hal_cortex.o
 .debug_macro   0x000000000002fbaf      0x277 ./Drivers/STM32U5xx_HAL_Driver/Src/stm32u5xx_hal_gpio.o
 .debug_macro   0x000000000002fe26      0x270 ./Drivers/STM32U5xx_HAL_Driver/Src/stm32u5xx_hal_pwr_ex.o
 .debug_macro   0x0000000000030096      0x345 ./Drivers/STM32U5xx_HAL_Driver/Src/stm32u5xx_hal_rcc.o

.debug_line     0x0000000000000000     0x7550
 .debug_line    0x0000000000000000      0x83b ./Core/Src/main.o
 .debug_line    0x000000000000083b      0x786 ./Core/Src/stm32u5xx_hal_msp.o
 .debug_line    0x0000000000000fc1      0x84a ./Core/Src/stm32u5xx_it.o
 .debug_line    0x000000000000180b      0x880 ./Core/Src/system_stm32u5xx.o
 .debug_line    0x000000000000208b      0x863 ./Core/Src/task_1_2.o
 .debug_line    0x00000000000028ee       0x86 ./Core/Startup/startup_stm32u585aiixq.o
 .debug_line    0x0000000000002974      0xb4a ./Drivers/STM32U5xx_HAL_Driver/Src/stm32u5xx_hal.o
 .debug_line    0x00000000000034be      0xd8f ./Drivers/STM32U5xx_HAL_Driver/Src/stm32u5xx_hal_cortex.o
 .debug_line    0x000000000000424d      0xcd4 ./Drivers/STM32U5xx_HAL_Driver/Src/stm32u5xx_hal_gpio.o
 .debug_line    0x0000000000004f21     0x110d ./Drivers/STM32U5xx_HAL_Driver/Src/stm32u5xx_hal_pwr_ex.o
 .debug_line    0x000000000000602e     0x1522 ./Drivers/STM32U5xx_HAL_Driver/Src/stm32u5xx_hal_rcc.o

.debug_str      0x0000000000000000   0x12e0e1
 .debug_str     0x0000000000000000   0x129b48 ./Core/Src/main.o
                                     0x12a60c (size before relaxing)
 .debug_str     0x0000000000129b48      0x259 ./Core/Src/stm32u5xx_hal_msp.o
                                     0x12a422 (size before relaxing)
 .debug_str     0x0000000000129da1       0xc9 ./Core/Src/stm32u5xx_it.o
                                     0x12a26f (size before relaxing)
 .debug_str     0x0000000000129e6a      0x1c2 ./Core/Src/system_stm32u5xx.o
                                     0x12a5b4 (size before relaxing)
 .debug_str     0x000000000012a02c     0x10be ./Core/Src/task_1_2.o
                                     0x12b67b (size before relaxing)
 .debug_str     0x000000000012b0ea       0x37 ./Core/Startup/startup_stm32u585aiixq.o
                                         0x5f (size before relaxing)
 .debug_str     0x000000000012b121      0xe3d ./Drivers/STM32U5xx_HAL_Driver/Src/stm32u5xx_hal.o
                                     0x12b397 (size before relaxing)
 .debug_str     0x000000000012bf5e      0x3d0 ./Drivers/STM32U5xx_HAL_Driver/Src/stm32u5xx_hal_cortex.o
                                     0x12b1be (size before relaxing)
 .debug_str     0x000000000012c32e      0x2b9 ./Drivers/STM32U5xx_HAL_Driver/Src/stm32u5xx_hal_gpio.o
                                     0x12a5bb (size before relaxing)
 .debug_str     0x000000000012c5e7      0x828 ./Drivers/STM32U5xx_HAL_Driver/Src/stm32u5xx_hal_pwr_ex.o
                                     0x12acea (size before relaxing)
 .debug_str     0x000000000012ce0f     0x12d2 ./Drivers/STM32U5xx_HAL_Driver/Src/stm32u5xx_hal_rcc.o
                                     0x12bc8b (size before relaxing)

.comment        0x0000000000000000       0x50
 .comment       0x0000000000000000       0x50 ./Core/Src/main.o
                                         0x51 (size before relaxing)
 .comment       0x0000000000000050       0x51 ./Core/Src/stm32u5xx_hal_msp.o
 .comment       0x0000000000000050       0x51 ./Core/Src/stm32u5xx_it.o
 .comment       0x0000000000000050       0x51 ./Core/Src/system_stm32u5xx.o
 .comment       0x0000000000000050       0x51 ./Core/Src/task_1_2.o
 .comment       0x0000000000000050       0x51 ./Drivers/STM32U5xx_HAL_Driver/Src/stm32u5xx_hal.o
 .comment       0x0000000000000050       0x51 ./Drivers/STM32U5xx_HAL_Driver/Src/stm32u5xx_hal_cortex.o
 .comment       0x0000000000000050       0x51 ./Drivers/STM32U5xx_HAL_Driver/Src/stm32u5xx_hal_gpio.o
 .comment       0x0000000000000050       0x51 ./Drivers/STM32U5xx_HAL_Driver/Src/stm32u5xx_hal_pwr_ex.o
 .comment       0x0000000000000050       0x51 ./Drivers/STM32U5xx_HAL_Driver/Src/stm32u5xx_hal_rcc.o

.debug_frame    0x0000000000000000     0x189c
 .debug_frame   0x0000000000000000       0x88 ./Core/Src/main.o
 .debug_frame   0x0000000000000088       0x38 ./Core/Src/stm32u5xx_hal_msp.o
 .debug_frame   0x00000000000000c0      0x104 ./Core/Src/stm32u5xx_it.o
 .debug_frame   0x00000000000001c4       0x58 ./Core/Src/system_stm32u5xx.o
 .debug_frame   0x000000000000021c       0x30 ./Core/Src/task_1_2.o
 .debug_frame   0x000000000000024c      0x460 ./Drivers/STM32U5xx_HAL_Driver/Src/stm32u5xx_hal.o
 .debug_frame   0x00000000000006ac      0x508 ./Drivers/STM32U5xx_HAL_Driver/Src/stm32u5xx_hal_cortex.o
 .debug_frame   0x0000000000000bb4      0x1c4 ./Drivers/STM32U5xx_HAL_Driver/Src/stm32u5xx_hal_gpio.o
 .debug_frame   0x0000000000000d78      0x84c ./Drivers/STM32U5xx_HAL_Driver/Src/stm32u5xx_hal_pwr_ex.o
 .debug_frame   0x00000000000015c4      0x28c ./Drivers/STM32U5xx_HAL_Driver/Src/stm32u5xx_hal_rcc.o
 .debug_frame   0x0000000000001850       0x2c c:/st/stm32cubeide_1.10.1/stm32cubeide/plugins/com.st.stm32cube.ide.mcu.externaltools.gnu-tools-for-stm32.10.3-2021.10.win32_1.0.0.202111181127/tools/bin/../lib/gcc/arm-none-eabi/10.3.1/../../../../arm-none-eabi/lib/thumb/v8-m.main+fp/hard\libc_nano.a(lib_a-init.o)
 .debug_frame   0x000000000000187c       0x20 c:/st/stm32cubeide_1.10.1/stm32cubeide/plugins/com.st.stm32cube.ide.mcu.externaltools.gnu-tools-for-stm32.10.3-2021.10.win32_1.0.0.202111181127/tools/bin/../lib/gcc/arm-none-eabi/10.3.1/../../../../arm-none-eabi/lib/thumb/v8-m.main+fp/hard\libc_nano.a(lib_a-memset.o)
