Archive member included to satisfy reference by file (symbol)

c:/st/stm32cubeide_1.10.1/stm32cubeide/plugins/com.st.stm32cube.ide.mcu.externaltools.gnu-tools-for-stm32.10.3-2021.10.win32_1.0.0.202111181127/tools/bin/../lib/gcc/arm-none-eabi/10.3.1/../../../../arm-none-eabi/lib/thumb/v8-m.main+fp/hard\libc_nano.a(lib_a-errno.o)
                              ./Core/Src/syscalls.o (__errno)
c:/st/stm32cubeide_1.10.1/stm32cubeide/plugins/com.st.stm32cube.ide.mcu.externaltools.gnu-tools-for-stm32.10.3-2021.10.win32_1.0.0.202111181127/tools/bin/../lib/gcc/arm-none-eabi/10.3.1/../../../../arm-none-eabi/lib/thumb/v8-m.main+fp/hard\libc_nano.a(lib_a-exit.o)
                              c:/st/stm32cubeide_1.10.1/stm32cubeide/plugins/com.st.stm32cube.ide.mcu.externaltools.gnu-tools-for-stm32.10.3-2021.10.win32_1.0.0.202111181127/tools/bin/../lib/gcc/arm-none-eabi/10.3.1/../../../../arm-none-eabi/lib/thumb/v8-m.main+fp/hard/crt0.o (exit)
c:/st/stm32cubeide_1.10.1/stm32cubeide/plugins/com.st.stm32cube.ide.mcu.externaltools.gnu-tools-for-stm32.10.3-2021.10.win32_1.0.0.202111181127/tools/bin/../lib/gcc/arm-none-eabi/10.3.1/../../../../arm-none-eabi/lib/thumb/v8-m.main+fp/hard\libc_nano.a(lib_a-impure.o)
                              c:/st/stm32cubeide_1.10.1/stm32cubeide/plugins/com.st.stm32cube.ide.mcu.externaltools.gnu-tools-for-stm32.10.3-2021.10.win32_1.0.0.202111181127/tools/bin/../lib/gcc/arm-none-eabi/10.3.1/../../../../arm-none-eabi/lib/thumb/v8-m.main+fp/hard\libc_nano.a(lib_a-exit.o) (_global_impure_ptr)
c:/st/stm32cubeide_1.10.1/stm32cubeide/plugins/com.st.stm32cube.ide.mcu.externaltools.gnu-tools-for-stm32.10.3-2021.10.win32_1.0.0.202111181127/tools/bin/../lib/gcc/arm-none-eabi/10.3.1/../../../../arm-none-eabi/lib/thumb/v8-m.main+fp/hard\libc_nano.a(lib_a-init.o)
                              c:/st/stm32cubeide_1.10.1/stm32cubeide/plugins/com.st.stm32cube.ide.mcu.externaltools.gnu-tools-for-stm32.10.3-2021.10.win32_1.0.0.202111181127/tools/bin/../lib/gcc/arm-none-eabi/10.3.1/../../../../arm-none-eabi/lib/thumb/v8-m.main+fp/hard/crt0.o (__libc_init_array)
c:/st/stm32cubeide_1.10.1/stm32cubeide/plugins/com.st.stm32cube.ide.mcu.externaltools.gnu-tools-for-stm32.10.3-2021.10.win32_1.0.0.202111181127/tools/bin/../lib/gcc/arm-none-eabi/10.3.1/../../../../arm-none-eabi/lib/thumb/v8-m.main+fp/hard\libc_nano.a(lib_a-memset.o)
                              c:/st/stm32cubeide_1.10.1/stm32cubeide/plugins/com.st.stm32cube.ide.mcu.externaltools.gnu-tools-for-stm32.10.3-2021.10.win32_1.0.0.202111181127/tools/bin/../lib/gcc/arm-none-eabi/10.3.1/../../../../arm-none-eabi/lib/thumb/v8-m.main+fp/hard/crt0.o (memset)
c:/st/stm32cubeide_1.10.1/stm32cubeide/plugins/com.st.stm32cube.ide.mcu.externaltools.gnu-tools-for-stm32.10.3-2021.10.win32_1.0.0.202111181127/tools/bin/../lib/gcc/arm-none-eabi/10.3.1/../../../../arm-none-eabi/lib/thumb/v8-m.main+fp/hard\libc_nano.a(lib_a-vsnprintf.o)
                              ./Core/Src/task_2.o (vsnprintf)
c:/st/stm32cubeide_1.10.1/stm32cubeide/plugins/com.st.stm32cube.ide.mcu.externaltools.gnu-tools-for-stm32.10.3-2021.10.win32_1.0.0.202111181127/tools/bin/../lib/gcc/arm-none-eabi/10.3.1/../../../../arm-none-eabi/lib/thumb/v8-m.main+fp/hard\libc_nano.a(lib_a-nano-svfprintf.o)
                              c:/st/stm32cubeide_1.10.1/stm32cubeide/plugins/com.st.stm32cube.ide.mcu.externaltools.gnu-tools-for-stm32.10.3-2021.10.win32_1.0.0.202111181127/tools/bin/../lib/gcc/arm-none-eabi/10.3.1/../../../../arm-none-eabi/lib/thumb/v8-m.main+fp/hard\libc_nano.a(lib_a-vsnprintf.o) (_svfprintf_r)
c:/st/stm32cubeide_1.10.1/stm32cubeide/plugins/com.st.stm32cube.ide.mcu.externaltools.gnu-tools-for-stm32.10.3-2021.10.win32_1.0.0.202111181127/tools/bin/../lib/gcc/arm-none-eabi/10.3.1/../../../../arm-none-eabi/lib/thumb/v8-m.main+fp/hard\libc_nano.a(lib_a-nano-vfprintf_i.o)
                              c:/st/stm32cubeide_1.10.1/stm32cubeide/plugins/com.st.stm32cube.ide.mcu.externaltools.gnu-tools-for-stm32.10.3-2021.10.win32_1.0.0.202111181127/tools/bin/../lib/gcc/arm-none-eabi/10.3.1/../../../../arm-none-eabi/lib/thumb/v8-m.main+fp/hard\libc_nano.a(lib_a-nano-svfprintf.o) (_printf_i)
c:/st/stm32cubeide_1.10.1/stm32cubeide/plugins/com.st.stm32cube.ide.mcu.externaltools.gnu-tools-for-stm32.10.3-2021.10.win32_1.0.0.202111181127/tools/bin/../lib/gcc/arm-none-eabi/10.3.1/../../../../arm-none-eabi/lib/thumb/v8-m.main+fp/hard\libc_nano.a(lib_a-memchr-stub.o)
                              c:/st/stm32cubeide_1.10.1/stm32cubeide/plugins/com.st.stm32cube.ide.mcu.externaltools.gnu-tools-for-stm32.10.3-2021.10.win32_1.0.0.202111181127/tools/bin/../lib/gcc/arm-none-eabi/10.3.1/../../../../arm-none-eabi/lib/thumb/v8-m.main+fp/hard\libc_nano.a(lib_a-nano-svfprintf.o) (memchr)
[...]
Memory Configuration

Name             Origin             Length             Attributes
RAM              0x0000000020000000 0x00000000000c0000 xrw
SRAM4            0x0000000028000000 0x0000000000004000 xrw
FLASH            0x0000000008000000 0x0000000000200000 xr
*default*        0x0000000000000000 0xffffffffffffffff

Linker script and memory map

LOAD c:/st/stm32cubeide_1.10.1/stm32cubeide/plugins/com.st.stm32cube.ide.mcu.externaltools.gnu-tools-for-stm32.10.3-2021.10.win32_1.0.0.202111181127/tools/bin/../lib/gcc/arm-none-eabi/10.3.1/thumb/v8-m.main+fp/hard/crti.o
LOAD c:/st/stm32cubeide_1.10.1/stm32cubeide/plugins/com.st.stm32cube.ide.mcu.externaltools.gnu-tools-for-stm32.10.3-2021.10.win32_1.0.0.202111181127/tools/bin/../lib/gcc/arm-none-eabi/10.3.1/thumb/v8-m.main+fp/hard/crtbegin.o
LOAD c:/st/stm32cubeide_1.10.1/stm32cubeide/plugins/com.st.stm32cube.ide.mcu.externaltools.gnu-tools-for-stm32.10.3-2021.10.win32_1.0.0.202111181127/tools/bin/../lib/gcc/arm-none-eabi/10.3.1/../../../../arm-none-eabi/lib/thumb/v8-m.main+fp/hard/crt0.o
LOAD ./Core/Src/main.o
LOAD ./Core/Src/stm32u5xx_hal_msp.o
LOAD ./Core/Src/stm32u5xx_it.o
LOAD ./Core/Src/syscalls.o
LOAD ./Core/Src/sysmem.o
LOAD ./Core/Src/system_stm32u5xx.o
LOAD ./Core/Src/task_2.o
LOAD ./Core/Src/task_3.o
LOAD ./Core/Src/task_4.o
LOAD ./Core/Src/task_5.o
LOAD ./Core/Startup/startup_stm32u585aiixq.o
LOAD ./Drivers/STM32U5xx_HAL_Driver/Src/stm32u5xx_hal.o
LOAD ./Drivers/STM32U5xx_HAL_Driver/Src/stm32u5xx_hal_cortex.o
LOAD ./Drivers/STM32U5xx_HAL_Driver/Src/stm32u5xx_hal_dma.o
LOAD ./Drivers/STM32U5xx_HAL_Driver/Src/stm32u5xx_hal_dma_ex.o
LOAD ./Drivers/STM32U5xx_HAL_Driver/Src/stm32u5xx_hal_exti.o
LOAD ./Drivers/STM32U5xx_HAL_Driver/Src/stm32u5xx_hal_flash.o
LOAD ./Drivers/STM32U5xx_HAL_Driver/Src/stm32u5xx_hal_flash_ex.o
LOAD ./Drivers/STM32U5xx_HAL_Driver/Src/stm32u5xx_hal_gpio.o
LOAD ./Drivers/STM32U5xx_HAL_Driver/Src/stm32u5xx_hal_gtzc.o
LOAD ./Drivers/STM32U5xx_HAL_Driver/Src/stm32u5xx_hal_i2c.o
LOAD ./Drivers/STM32U5xx_HAL_Driver/Src/stm32u5xx_hal_i2c_ex.o
LOAD ./Drivers/STM32U5xx_HAL_Driver/Src/stm32u5xx_hal_icache.o
LOAD ./Drivers/STM32U5xx_HAL_Driver/Src/stm32u5xx_hal_pwr.o
LOAD ./Drivers/STM32U5xx_HAL_Driver/Src/stm32u5xx_hal_pwr_ex.o
LOAD ./Drivers/STM32U5xx_HAL_Driver/Src/stm32u5xx_hal_rcc.o
LOAD ./Drivers/STM32U5xx_HAL_Driver/Src/stm32u5xx_hal_rcc_ex.o
LOAD ./Drivers/STM32U5xx_HAL_Driver/Src/stm32u5xx_hal_tim.o
LOAD ./Drivers/STM32U5xx_HAL_Driver/Src/stm32u5xx_hal_tim_ex.o
LOAD ./Drivers/STM32U5xx_HAL_Driver/Src/stm32u5xx_hal_uart.o
LOAD ./Drivers/STM32U5xx_HAL_Driver/Src/stm32u5xx_hal_uart_ex.o
START GROUP
LOAD c:/st/stm32cubeide_1.10.1/stm32cubeide/plugins/com.st.stm32cube.ide.mcu.externaltools.gnu-tools-for-stm32.10.3-2021.10.win32_1.0.0.202111181127/tools/bin/../lib/gcc/arm-none-eabi/10.3.1/../../../../arm-none-eabi/lib/thumb/v8-m.main+fp/hard\libc_nano.a
LOAD c:/st/stm32cubeide_1.10.1/stm32cubeide/plugins/com.st.stm32cube.ide.mcu.externaltools.gnu-tools-for-stm32.10.3-2021.10.win32_1.0.0.202111181127/tools/bin/../lib/gcc/arm-none-eabi/10.3.1/../../../../arm-none-eabi/lib/thumb/v8-m.main+fp/hard\libm.a
END GROUP
START GROUP
LOAD c:/st/stm32cubeide_1.10.1/stm32cubeide/plugins/com.st.stm32cube.ide.mcu.externaltools.gnu-tools-for-stm32.10.3-2021.10.win32_1.0.0.202111181127/tools/bin/../lib/gcc/arm-none-eabi/10.3.1/thumb/v8-m.main+fp/hard\libgcc.a
LOAD c:/st/stm32cubeide_1.10.1/stm32cubeide/plugins/com.st.stm32cube.ide.mcu.externaltools.gnu-tools-for-stm32.10.3-2021.10.win32_1.0.0.202111181127/tools/bin/../lib/gcc/arm-none-eabi/10.3.1/../../../../arm-none-eabi/lib/thumb/v8-m.main+fp/hard\libc_nano.a
END GROUP
START GROUP
LOAD c:/st/stm32cubeide_1.10.1/stm32cubeide/plugins/com.st.stm32cube.ide.mcu.externaltools.gnu-tools-for-stm32.10.3-2021.10.win32_1.0.0.202111181127/tools/bin/../lib/gcc/arm-none-eabi/10.3.1/thumb/v8-m.main+fp/hard\libgcc.a
LOAD c:/st/stm32cubeide_1.10.1/stm32cubeide/plugins/com.st.stm32cube.ide.mcu.externaltools.gnu-tools-for-stm32.10.3-2021.10.win32_1.0.0.202111181127/tools/bin/../lib/gcc/arm-none-eabi/10.3.1/../../../../arm-none-eabi/lib/thumb/v8-m.main+fp/hard\libc_nano.a
LOAD c:/st/stm32cubeide_1.10.1/stm32cubeide/plugins/com.st.stm32cube.ide.mcu.externaltools.gnu-tools-for-stm32.10.3-2021.10.win32_1.0.0.202111181127/tools/bin/../lib/gcc/arm-none-eabi/10.3.1/../../../../arm-none-eabi/lib/thumb/v8-m.main+fp/hard\libnosys.a
END GROUP
START GROUP
LOAD c:/st/stm32cubeide_1.10.1/stm32cubeide/plugins/com.st.stm32cube.ide.mcu.externaltools.gnu-tools-for-stm32.10.3-2021.10.win32_1.0.0.202111181127/tools/bin/../lib/gcc/arm-none-eabi/10.3.1/thumb/v8-m.main+fp/hard\libgcc.a
LOAD c:/st/stm32cubeide_1.10.1/stm32cubeide/plugins/com.st.stm32cube.ide.mcu.externaltools.gnu-tools-for-stm32.10.3-2021.10.win32_1.0.0.202111181127/tools/bin/../lib/gcc/arm-none-eabi/10.3.1/../../../../arm-none-eabi/lib/thumb/v8-m.main+fp/hard\libc_nano.a
LOAD c:/st/stm32cubeide_1.10.1/stm32cubeide/plugins/com.st.stm32cube.ide.mcu.externaltools.gnu-tools-for-stm32.10.3-2021.10.win32_1.0.0.202111181127/tools/bin/../lib/gcc/arm-none-eabi/10.3.1/../../../../arm-none-eabi/lib/thumb/v8-m.main+fp/hard\libnosys.a
END GROUP
LOAD c:/st/stm32cubeide_1.10.1/stm32cubeide/plugins/com.st.stm32cube.ide.mcu.externaltools.gnu-tools-for-stm32.10.3-2021.10.win32_1.0.0.202111181127/tools/bin/../lib/gcc/arm-none-eabi/10.3.1/thumb/v8-m.main+fp/hard/crtend.o
LOAD c:/st/stm32cubeide_1.10.1/stm32cubeide/plugins/com.st.stm32cube.ide.mcu.externaltools.gnu-tools-for-stm32.10.3-2021.10.win32_1.0.0.202111181127/tools/bin/../lib/gcc/arm-none-eabi/10.3.1/thumb/v8-m.main+fp/hard/crtn.o
                0x00000000200c0000                _estack = (ORIGIN (RAM) + LENGTH (RAM))
                0x0000000000000200                _Min_Heap_Size = 0x200
                0x0000000000000400                _Min_Stack_Size = 0x400

.isr_vector     0x0000000008000000      0x234
 *(.isr_vector)
 .isr_vector    0x0000000008000000      0x234 ./Core/Startup/startup_stm32u585aiixq.o
                0x0000000008000000                g_pfnVectors

.text           0x0000000008000234     0x644c
 *(.text)
 .text          0x0000000008000234       0x40 c:/st/stm32cubeide_1.10.1/stm32cubeide/plugins/com.st.stm32cube.ide.mcu.externaltools.gnu-tools-for-stm32.10.3-2021.10.win32_1.0.0.202111181127/tools/bin/../lib/gcc/arm-none-eabi/10.3.1/thumb/v8-m.main+fp/hard/crtbegin.o
 .text          0x0000000008000274       0x30 c:/st/stm32cubeide_1.10.1/stm32cubeide/plugins/com.st.stm32cube.ide.mcu.externaltools.gnu-tools-for-stm32.10.3-2021.10.win32_1.0.0.202111181127/tools/bin/../lib/gcc/arm-none-eabi/10.3.1/thumb/v8-m.main+fp/hard\libgcc.a(_aeabi_uldivmod.o)
                0x0000000008000274                __aeabi_uldivmod
 .text          0x00000000080002a4      0x2ec c:/st/stm32cubeide_1.10.1/stm32cubeide/plugins/com.st.stm32cube.ide.mcu.externaltools.gnu-tools-for-stm32.10.3-2021.10.win32_1.0.0.202111181127/tools/bin/../lib/gcc/arm-none-eabi/10.3.1/thumb/v8-m.main+fp/hard\libgcc.a(_udivmoddi4.o)
                0x00000000080002a4                __udivmoddi4
 .text          0x0000000008000590        0x4 c:/st/stm32cubeide_1.10.1/stm32cubeide/plugins/com.st.stm32cube.ide.mcu.externaltools.gnu-tools-for-stm32.10.3-2021.10.win32_1.0.0.202111181127/tools/bin/../lib/gcc/arm-none-eabi/10.3.1/thumb/v8-m.main+fp/hard\libgcc.a(_dvmd_tls.o)
                0x0000000008000590                __aeabi_idiv0
                0x0000000008000590                __aeabi_ldiv0
 *(.text*)
 .text.main     0x0000000008000594       0x40 ./Core/Src/main.o
                0x0000000008000594                main
 .text.SystemClock_Config
                0x00000000080005d4       0xb8 ./Core/Src/main.o
                0x00000000080005d4                SystemClock_Config
 .text.SystemPower_Config
                0x000000000800068c       0x1c ./Core/Src/main.o
 .text.MX_ICACHE_Init
                0x00000000080006a8       0x16 ./Core/Src/main.o
 *fill*         0x00000000080006be        0x2 
 .text.MX_USART1_UART_Init
                0x00000000080006c0       0x98 ./Core/Src/main.o
 .text.MX_GPIO_Init
                0x0000000008000758       0x88 ./Core/Src/main.o
 .text.Error_Handler
                0x00000000080007e0        0xa ./Core/Src/main.o
                0x00000000080007e0                Error_Handler
 *fill*         0x00000000080007ea        0x2 
 .text.HAL_MspInit
                0x00000000080007ec       0x34 ./Core/Src/stm32u5xx_hal_msp.o
                0x00000000080007ec                HAL_MspInit
 .text.HAL_UART_MspInit
                0x0000000008000820       0xd0 ./Core/Src/stm32u5xx_hal_msp.o
                0x0000000008000820                HAL_UART_MspInit
 .text.NMI_Handler
                0x00000000080008f0        0x6 ./Core/Src/stm32u5xx_it.o
                0x00000000080008f0                NMI_Handler
 .text.HardFault_Handler
                0x00000000080008f6        0x6 ./Core/Src/stm32u5xx_it.o
                0x00000000080008f6                HardFault_Handler
 .text.MemManage_Handler
                0x00000000080008fc        0x6 ./Core/Src/stm32u5xx_it.o
                0x00000000080008fc                MemManage_Handler
 .text.BusFault_Handler
                0x0000000008000902        0x6 ./Core/Src/stm32u5xx_it.o
                0x0000000008000902                BusFault_Handler
 .text.UsageFault_Handler
                0x0000000008000908        0x6 ./Core/Src/stm32u5xx_it.o
                0x0000000008000908                UsageFault_Handler
 .text.SVC_Handler
                0x000000000800090e        0xe ./Core/Src/stm32u5xx_it.o
                0x000000000800090e                SVC_Handler
 .text.DebugMon_Handler
                0x000000000800091c        0xe ./Core/Src/stm32u5xx_it.o
                0x000000000800091c                DebugMon_Handler
 .text.PendSV_Handler
                0x000000000800092a        0xe ./Core/Src/stm32u5xx_it.o
                0x000000000800092a                PendSV_Handler
 .text.SysTick_Handler
                0x0000000008000938        0xc ./Core/Src/stm32u5xx_it.o
                0x0000000008000938                SysTick_Handler
 .text._sbrk    0x0000000008000944       0x6c ./Core/Src/sysmem.o
                0x0000000008000944                _sbrk
 .text.SystemInit
                0x00000000080009b0       0x70 ./Core/Src/system_stm32u5xx.o
                0x00000000080009b0                SystemInit
 .text.toggle   0x0000000008000a20       0x20 ./Core/Src/task_5.o
 .text.uart_println
                0x0000000008000a40       0x64 ./Core/Src/task_5.o
 .text.task_5   0x0000000008000aa4       0x88 ./Core/Src/task_5.o
                0x0000000008000aa4                task_5
 .text.Reset_Handler
                0x0000000008000b2c       0x50 ./Core/Startup/startup_stm32u585aiixq.o
                0x0000000008000b2c                Reset_Handler
 .text.Default_Handler
                0x0000000008000b7c        0x2 ./Core/Startup/startup_stm32u585aiixq.o
                0x0000000008000b7c                EXTI2_IRQHandler
                0x0000000008000b7c                TIM8_TRG_COM_IRQHandler
                0x0000000008000b7c                TIM8_CC_IRQHandler
                0x0000000008000b7c                EXTI5_IRQHandler
                0x0000000008000b7c                FLASH_S_IRQHandler
                0x0000000008000b7c                EXTI13_IRQHandler
                0x0000000008000b7c                TIM1_CC_IRQHandler
                0x0000000008000b7c                TSC_IRQHandler
                0x0000000008000b7c                TAMP_IRQHandler
                0x0000000008000b7c                TIM6_IRQHandler
                0x0000000008000b7c                EXTI12_IRQHandler
                0x0000000008000b7c                CORDIC_IRQHandler
                0x0000000008000b7c                EXTI3_IRQHandler
                0x0000000008000b7c                LPTIM4_IRQHandler
                0x0000000008000b7c                GPDMA1_Channel5_IRQHandler
                0x0000000008000b7c                EXTI8_IRQHandler
                0x0000000008000b7c                LPTIM2_IRQHandler
                0x0000000008000b7c                I2C3_ER_IRQHandler
                0x0000000008000b7c                PWR_S3WU_IRQHandler
                0x0000000008000b7c                MDF1_FLT2_IRQHandler
                0x0000000008000b7c                LPDMA1_Channel3_IRQHandler
                0x0000000008000b7c                LPTIM3_IRQHandler
                0x0000000008000b7c                EXTI0_IRQHandler
                0x0000000008000b7c                I2C2_EV_IRQHandler
                0x0000000008000b7c                FPU_IRQHandler
                0x0000000008000b7c                GPDMA1_Channel3_IRQHandler
                0x0000000008000b7c                GPDMA1_Channel7_IRQHandler
                0x0000000008000b7c                MDF1_FLT4_IRQHandler
                0x0000000008000b7c                FDCAN1_IT1_IRQHandler
                0x0000000008000b7c                RAMCFG_IRQHandler
                0x0000000008000b7c                GPDMA1_Channel9_IRQHandler
                0x0000000008000b7c                DCACHE1_IRQHandler
                0x0000000008000b7c                SPI1_IRQHandler
                0x0000000008000b7c                OCTOSPI1_IRQHandler
                0x0000000008000b7c                GPDMA1_Channel2_IRQHandler
                0x0000000008000b7c                TIM8_UP_IRQHandler
                0x0000000008000b7c                RCC_S_IRQHandler
                0x0000000008000b7c                OCTOSPI2_IRQHandler
                0x0000000008000b7c                SAI2_IRQHandler
                0x0000000008000b7c                MDF1_FLT1_IRQHandler
                0x0000000008000b7c                ADC1_IRQHandler
                0x0000000008000b7c                PKA_IRQHandler
                0x0000000008000b7c                MDF1_FLT5_IRQHandler
                0x0000000008000b7c                EXTI15_IRQHandler
                0x0000000008000b7c                TIM17_IRQHandler
                0x0000000008000b7c                USART3_IRQHandler
                0x0000000008000b7c                RTC_IRQHandler
                0x0000000008000b7c                EXTI9_IRQHandler
                0x0000000008000b7c                UART5_IRQHandler
                0x0000000008000b7c                TIM4_IRQHandler
                0x0000000008000b7c                I2C1_EV_IRQHandler
                0x0000000008000b7c                GPDMA1_Channel12_IRQHandler
                0x0000000008000b7c                GPDMA1_Channel1_IRQHandler
                0x0000000008000b7c                TIM16_IRQHandler
                0x0000000008000b7c                GPDMA1_Channel15_IRQHandler
                0x0000000008000b7c                UART4_IRQHandler
                0x0000000008000b7c                SecureFault_Handler
                0x0000000008000b7c                TIM3_IRQHandler
                0x0000000008000b7c                RCC_IRQHandler
                0x0000000008000b7c                TIM1_TRG_COM_IRQHandler
                0x0000000008000b7c                Default_Handler
                0x0000000008000b7c                GPDMA1_Channel8_IRQHandler
                0x0000000008000b7c                FMAC_IRQHandler
                0x0000000008000b7c                OTFDEC1_IRQHandler
                0x0000000008000b7c                GPDMA1_Channel11_IRQHandler
                0x0000000008000b7c                TIM7_IRQHandler
                0x0000000008000b7c                SDMMC1_IRQHandler
                0x0000000008000b7c                SAES_IRQHandler
                0x0000000008000b7c                TIM5_IRQHandler
                0x0000000008000b7c                UCPD1_IRQHandler
                0x0000000008000b7c                GPDMA1_Channel0_IRQHandler
                0x0000000008000b7c                TIM15_IRQHandler
                0x0000000008000b7c                I2C3_EV_IRQHandler
                0x0000000008000b7c                LPDMA1_Channel0_IRQHandler
                0x0000000008000b7c                PVD_PVM_IRQHandler
                0x0000000008000b7c                SPI2_IRQHandler
                0x0000000008000b7c                LPDMA1_Channel1_IRQHandler
                0x0000000008000b7c                EXTI14_IRQHandler
                0x0000000008000b7c                EXTI11_IRQHandler
                0x0000000008000b7c                OTFDEC2_IRQHandler
                0x0000000008000b7c                CRS_IRQHandler
                0x0000000008000b7c                GPDMA1_Channel14_IRQHandler
                0x0000000008000b7c                EXTI4_IRQHandler
                0x0000000008000b7c                RTC_S_IRQHandler
                0x0000000008000b7c                GPDMA1_Channel13_IRQHandler
                0x0000000008000b7c                RNG_IRQHandler
                0x0000000008000b7c                COMP_IRQHandler
                0x0000000008000b7c                TIM1_UP_IRQHandler
                0x0000000008000b7c                ADC4_IRQHandler
                0x0000000008000b7c                WWDG_IRQHandler
                0x0000000008000b7c                I2C4_EV_IRQHandler
                0x0000000008000b7c                ADF1_IRQHandler
                0x0000000008000b7c                IWDG_IRQHandler
                0x0000000008000b7c                LPUART1_IRQHandler
                0x0000000008000b7c                MDF1_FLT0_IRQHandler
                0x0000000008000b7c                FDCAN1_IT0_IRQHandler
                0x0000000008000b7c                TIM2_IRQHandler
                0x0000000008000b7c                GPDMA1_Channel4_IRQHandler
                0x0000000008000b7c                EXTI7_IRQHandler
                0x0000000008000b7c                DMA2D_IRQHandler
                0x0000000008000b7c                TIM1_BRK_IRQHandler
                0x0000000008000b7c                EXTI1_IRQHandler
                0x0000000008000b7c                SDMMC2_IRQHandler
                0x0000000008000b7c                AES_IRQHandler
                0x0000000008000b7c                DAC1_IRQHandler
                0x0000000008000b7c                GTZC_IRQHandler
                0x0000000008000b7c                MDF1_FLT3_IRQHandler
                0x0000000008000b7c                USART2_IRQHandler
                0x0000000008000b7c                GPDMA1_Channel6_IRQHandler
                0x0000000008000b7c                I2C2_ER_IRQHandler
                0x0000000008000b7c                TIM8_BRK_IRQHandler
                0x0000000008000b7c                FLASH_IRQHandler
                0x0000000008000b7c                USART1_IRQHandler
                0x0000000008000b7c                EXTI10_IRQHandler
                0x0000000008000b7c                OTG_FS_IRQHandler
                0x0000000008000b7c                SPI3_IRQHandler
                0x0000000008000b7c                LPDMA1_Channel2_IRQHandler
                0x0000000008000b7c                I2C1_ER_IRQHandler
                0x0000000008000b7c                FMC_IRQHandler
                0x0000000008000b7c                EXTI6_IRQHandler
                0x0000000008000b7c                LPTIM1_IRQHandler
                0x0000000008000b7c                DCMI_PSSI_IRQHandler
                0x0000000008000b7c                I2C4_ER_IRQHandler
                0x0000000008000b7c                GPDMA1_Channel10_IRQHandler
                0x0000000008000b7c                ICACHE_IRQHandler
                0x0000000008000b7c                SAI1_IRQHandler
                0x0000000008000b7c                HASH_IRQHandler
 *fill*         0x0000000008000b7e        0x2 
 .text.HAL_Init
                0x0000000008000b80       0x5c ./Drivers/STM32U5xx_HAL_Driver/Src/stm32u5xx_hal.o
                0x0000000008000b80                HAL_Init
 .text.HAL_InitTick
                0x0000000008000bdc       0x6c ./Drivers/STM32U5xx_HAL_Driver/Src/stm32u5xx_hal.o
                0x0000000008000bdc                HAL_InitTick
 .text.HAL_IncTick
                0x0000000008000c48       0x28 ./Drivers/STM32U5xx_HAL_Driver/Src/stm32u5xx_hal.o
                0x0000000008000c48                HAL_IncTick
 .text.HAL_GetTick
                0x0000000008000c70       0x18 ./Drivers/STM32U5xx_HAL_Driver/Src/stm32u5xx_hal.o
                0x0000000008000c70                HAL_GetTick
 .text.__NVIC_SetPriorityGrouping
                0x0000000008000c88       0x48 ./Drivers/STM32U5xx_HAL_Driver/Src/stm32u5xx_hal_cortex.o
 .text.__NVIC_GetPriorityGrouping
                0x0000000008000cd0       0x1c ./Drivers/STM32U5xx_HAL_Driver/Src/stm32u5xx_hal_cortex.o
 .text.__NVIC_SetPriority
                0x0000000008000cec       0x54 ./Drivers/STM32U5xx_HAL_Driver/Src/stm32u5xx_hal_cortex.o
 .text.NVIC_EncodePriority
                0x0000000008000d40       0x66 ./Drivers/STM32U5xx_HAL_Driver/Src/stm32u5xx_hal_cortex.o
 *fill*         0x0000000008000da6        0x2 
 .text.SysTick_Config
                0x0000000008000da8       0x44 ./Drivers/STM32U5xx_HAL_Driver/Src/stm32u5xx_hal_cortex.o
 .text.HAL_NVIC_SetPriorityGrouping
                0x0000000008000dec       0x16 ./Drivers/STM32U5xx_HAL_Driver/Src/stm32u5xx_hal_cortex.o
                0x0000000008000dec                HAL_NVIC_SetPriorityGrouping
 .text.HAL_NVIC_SetPriority
                0x0000000008000e02       0x34 ./Drivers/STM32U5xx_HAL_Driver/Src/stm32u5xx_hal_cortex.o
                0x0000000008000e02                HAL_NVIC_SetPriority
 .text.HAL_SYSTICK_Config
                0x0000000008000e36       0x18 ./Drivers/STM32U5xx_HAL_Driver/Src/stm32u5xx_hal_cortex.o
                0x0000000008000e36                HAL_SYSTICK_Config
 *fill*         0x0000000008000e4e        0x2 
 .text.HAL_GPIO_Init
                0x0000000008000e50      0x3b0 ./Drivers/STM32U5xx_HAL_Driver/Src/stm32u5xx_hal_gpio.o
                0x0000000008000e50                HAL_GPIO_Init
 .text.HAL_GPIO_WritePin
                0x0000000008001200       0x30 ./Drivers/STM32U5xx_HAL_Driver/Src/stm32u5xx_hal_gpio.o
                0x0000000008001200                HAL_GPIO_WritePin
 .text.HAL_GPIO_TogglePin
                0x0000000008001230       0x34 ./Drivers/STM32U5xx_HAL_Driver/Src/stm32u5xx_hal_gpio.o
                0x0000000008001230                HAL_GPIO_TogglePin
 .text.HAL_ICACHE_Enable
                0x0000000008001264       0x20 ./Drivers/STM32U5xx_HAL_Driver/Src/stm32u5xx_hal_icache.o
                0x0000000008001264                HAL_ICACHE_Enable
 .text.HAL_PWREx_ControlVoltageScaling
                0x0000000008001284       0xe8 ./Drivers/STM32U5xx_HAL_Driver/Src/stm32u5xx_hal_pwr_ex.o
                0x0000000008001284                HAL_PWREx_ControlVoltageScaling
 .text.HAL_PWREx_GetVoltageRange
                0x000000000800136c       0x1c ./Drivers/STM32U5xx_HAL_Driver/Src/stm32u5xx_hal_pwr_ex.o
                0x000000000800136c                HAL_PWREx_GetVoltageRange
 .text.HAL_PWREx_ConfigSupply
                0x0000000008001388       0xa0 ./Drivers/STM32U5xx_HAL_Driver/Src/stm32u5xx_hal_pwr_ex.o
                0x0000000008001388                HAL_PWREx_ConfigSupply
 .text.HAL_PWREx_DisableUCPDDeadBattery
                0x0000000008001428       0x20 ./Drivers/STM32U5xx_HAL_Driver/Src/stm32u5xx_hal_pwr_ex.o
                0x0000000008001428                HAL_PWREx_DisableUCPDDeadBattery
 .text.HAL_RCC_OscConfig
                0x0000000008001448      0xdac ./Drivers/STM32U5xx_HAL_Driver/Src/stm32u5xx_hal_rcc.o
                0x0000000008001448                HAL_RCC_OscConfig
 .text.HAL_RCC_ClockConfig
                0x00000000080021f4      0x3e4 ./Drivers/STM32U5xx_HAL_Driver/Src/stm32u5xx_hal_rcc.o
                0x00000000080021f4                HAL_RCC_ClockConfig
 .text.HAL_RCC_GetSysClockFreq
                0x00000000080025d8      0x210 ./Drivers/STM32U5xx_HAL_Driver/Src/stm32u5xx_hal_rcc.o
                0x00000000080025d8                HAL_RCC_GetSysClockFreq
 .text.HAL_RCC_GetHCLKFreq
                0x00000000080027e8       0x34 ./Drivers/STM32U5xx_HAL_Driver/Src/stm32u5xx_hal_rcc.o
                0x00000000080027e8                HAL_RCC_GetHCLKFreq
 .text.HAL_RCC_GetPCLK1Freq
                0x000000000800281c       0x28 ./Drivers/STM32U5xx_HAL_Driver/Src/stm32u5xx_hal_rcc.o
                0x000000000800281c                HAL_RCC_GetPCLK1Freq
 .text.HAL_RCC_GetPCLK2Freq
                0x0000000008002844       0x28 ./Drivers/STM32U5xx_HAL_Driver/Src/stm32u5xx_hal_rcc.o
                0x0000000008002844                HAL_RCC_GetPCLK2Freq
 .text.HAL_RCC_GetPCLK3Freq
                0x000000000800286c       0x28 ./Drivers/STM32U5xx_HAL_Driver/Src/stm32u5xx_hal_rcc.o
                0x000000000800286c                HAL_RCC_GetPCLK3Freq
 .text.RCC_SetFlashLatencyFromMSIRange
                0x0000000008002894      0x10c ./Drivers/STM32U5xx_HAL_Driver/Src/stm32u5xx_hal_rcc.o
 .text.HAL_RCCEx_PeriphCLKConfig
                0x00000000080029a0      0xb80 ./Drivers/STM32U5xx_HAL_Driver/Src/stm32u5xx_hal_rcc_ex.o
                0x00000000080029a0                HAL_RCCEx_PeriphCLKConfig
 .text.HAL_RCCEx_GetPLL1ClockFreq
                0x0000000008003520      0x2cc ./Drivers/STM32U5xx_HAL_Driver/Src/stm32u5xx_hal_rcc_ex.o
                0x0000000008003520                HAL_RCCEx_GetPLL1ClockFreq
 .text.HAL_RCCEx_GetPLL2ClockFreq
                0x00000000080037ec      0x2cc ./Drivers/STM32U5xx_HAL_Driver/Src/stm32u5xx_hal_rcc_ex.o
                0x00000000080037ec                HAL_RCCEx_GetPLL2ClockFreq
 .text.HAL_RCCEx_GetPLL3ClockFreq
                0x0000000008003ab8      0x2cc ./Drivers/STM32U5xx_HAL_Driver/Src/stm32u5xx_hal_rcc_ex.o
                0x0000000008003ab8                HAL_RCCEx_GetPLL3ClockFreq
 .text.HAL_RCCEx_GetPeriphCLKFreq
                0x0000000008003d84     0x1250 ./Drivers/STM32U5xx_HAL_Driver/Src/stm32u5xx_hal_rcc_ex.o
                0x0000000008003d84                HAL_RCCEx_GetPeriphCLKFreq
 .text.RCCEx_PLL2_Config
                0x0000000008004fd4      0x130 ./Drivers/STM32U5xx_HAL_Driver/Src/stm32u5xx_hal_rcc_ex.o
 .text.RCCEx_PLL3_Config
                0x0000000008005104      0x130 ./Drivers/STM32U5xx_HAL_Driver/Src/stm32u5xx_hal_rcc_ex.o
 .text.HAL_UART_Init
                0x0000000008005234       0xa0 ./Drivers/STM32U5xx_HAL_Driver/Src/stm32u5xx_hal_uart.o
                0x0000000008005234                HAL_UART_Init
 .text.HAL_UART_Transmit
                0x00000000080052d4      0x14a ./Drivers/STM32U5xx_HAL_Driver/Src/stm32u5xx_hal_uart.o
                0x00000000080052d4                HAL_UART_Transmit
 *fill*         0x000000000800541e        0x2 
 .text.UART_SetConfig
                0x0000000008005420      0x344 ./Drivers/STM32U5xx_HAL_Driver/Src/stm32u5xx_hal_uart.o
                0x0000000008005420                UART_SetConfig
 .text.UART_AdvFeatureConfig
                0x0000000008005764      0x144 ./Drivers/STM32U5xx_HAL_Driver/Src/stm32u5xx_hal_uart.o
                0x0000000008005764                UART_AdvFeatureConfig
 .text.UART_CheckIdleState
                0x00000000080058a8       0x96 ./Drivers/STM32U5xx_HAL_Driver/Src/stm32u5xx_hal_uart.o
                0x00000000080058a8                UART_CheckIdleState
 .text.UART_WaitOnFlagUntilTimeout
                0x000000000800593e      0x190 ./Drivers/STM32U5xx_HAL_Driver/Src/stm32u5xx_hal_uart.o
                0x000000000800593e                UART_WaitOnFlagUntilTimeout
 .text.HAL_UARTEx_DisableFifoMode
                0x0000000008005ace       0x72 ./Drivers/STM32U5xx_HAL_Driver/Src/stm32u5xx_hal_uart_ex.o
                0x0000000008005ace                HAL_UARTEx_DisableFifoMode
 .text.HAL_UARTEx_SetTxFifoThreshold
                0x0000000008005b40       0x7c ./Drivers/STM32U5xx_HAL_Driver/Src/stm32u5xx_hal_uart_ex.o
                0x0000000008005b40                HAL_UARTEx_SetTxFifoThreshold
 .text.HAL_UARTEx_SetRxFifoThreshold
                0x0000000008005bbc       0x7c ./Drivers/STM32U5xx_HAL_Driver/Src/stm32u5xx_hal_uart_ex.o
                0x0000000008005bbc                HAL_UARTEx_SetRxFifoThreshold
 .text.UARTEx_SetNbDataToProcess
                0x0000000008005c38       0x9c ./Drivers/STM32U5xx_HAL_Driver/Src/stm32u5xx_hal_uart_ex.o
 .text.__errno  0x0000000008005cd4        0xc c:/st/stm32cubeide_1.10.1/stm32cubeide/plugins/com.st.stm32cube.ide.mcu.externaltools.gnu-tools-for-stm32.10.3-2021.10.win32_1.0.0.202111181127/tools/bin/../lib/gcc/arm-none-eabi/10.3.1/../../../../arm-none-eabi/lib/thumb/v8-m.main+fp/hard\libc_nano.a(lib_a-errno.o)
                0x0000000008005cd4                __errno
 .text.__libc_init_array
                0x0000000008005ce0       0x48 c:/st/stm32cubeide_1.10.1/stm32cubeide/plugins/com.st.stm32cube.ide.mcu.externaltools.gnu-tools-for-stm32.10.3-2021.10.win32_1.0.0.202111181127/tools/bin/../lib/gcc/arm-none-eabi/10.3.1/../../../../arm-none-eabi/lib/thumb/v8-m.main+fp/hard\libc_nano.a(lib_a-init.o)
                0x0000000008005ce0                __libc_init_array
 .text.memset   0x0000000008005d28       0x10 c:/st/stm32cubeide_1.10.1/stm32cubeide/plugins/com.st.stm32cube.ide.mcu.externaltools.gnu-tools-for-stm32.10.3-2021.10.win32_1.0.0.202111181127/tools/bin/../lib/gcc/arm-none-eabi/10.3.1/../../../../arm-none-eabi/lib/thumb/v8-m.main+fp/hard\libc_nano.a(lib_a-memset.o)
                0x0000000008005d28                memset
 .text._vsnprintf_r
                0x0000000008005d38       0x56 c:/st/stm32cubeide_1.10.1/stm32cubeide/plugins/com.st.stm32cube.ide.mcu.externaltools.gnu-tools-for-stm32.10.3-2021.10.win32_1.0.0.202111181127/tools/bin/../lib/gcc/arm-none-eabi/10.3.1/../../../../arm-none-eabi/lib/thumb/v8-m.main+fp/hard\libc_nano.a(lib_a-vsnprintf.o)
                0x0000000008005d38                _vsniprintf_r
                0x0000000008005d38                _vsnprintf_r
 *fill*         0x0000000008005d8e        0x2 
 .text.vsnprintf
                0x0000000008005d90       0x1c c:/st/stm32cubeide_1.10.1/stm32cubeide/plugins/com.st.stm32cube.ide.mcu.externaltools.gnu-tools-for-stm32.10.3-2021.10.win32_1.0.0.202111181127/tools/bin/../lib/gcc/arm-none-eabi/10.3.1/../../../../arm-none-eabi/lib/thumb/v8-m.main+fp/hard\libc_nano.a(lib_a-vsnprintf.o)
                0x0000000008005d90                vsniprintf
                0x0000000008005d90                vsnprintf
 .text.__ssputs_r
                0x0000000008005dac       0xb6 c:/st/stm32cubeide_1.10.1/stm32cubeide/plugins/com.st.stm32cube.ide.mcu.externaltools.gnu-tools-for-stm32.10.3-2021.10.win32_1.0.0.202111181127/tools/bin/../lib/gcc/arm-none-eabi/10.3.1/../../../../arm-none-eabi/lib/thumb/v8-m.main+fp/hard\libc_nano.a(lib_a-nano-svfprintf.o)
                0x0000000008005dac                __ssputs_r
 *fill*         0x0000000008005e62        0x2 
 .text._svfprintf_r
                0x0000000008005e64      0x200 c:/st/stm32cubeide_1.10.1/stm32cubeide/plugins/com.st.stm32cube.ide.mcu.externaltools.gnu-tools-for-stm32.10.3-2021.10.win32_1.0.0.202111181127/tools/bin/../lib/gcc/arm-none-eabi/10.3.1/../../../../arm-none-eabi/lib/thumb/v8-m.main+fp/hard\libc_nano.a(lib_a-nano-svfprintf.o)
                0x0000000008005e64                _svfiprintf_r
                0x0000000008005e64                _svfprintf_r
 .text._printf_common
                0x0000000008006064       0xe0 c:/st/stm32cubeide_1.10.1/stm32cubeide/plugins/com.st.stm32cube.ide.mcu.externaltools.gnu-tools-for-stm32.10.3-2021.10.win32_1.0.0.202111181127/tools/bin/../lib/gcc/arm-none-eabi/10.3.1/../../../../arm-none-eabi/lib/thumb/v8-m.main+fp/hard\libc_nano.a(lib_a-nano-vfprintf_i.o)
                0x0000000008006064                _printf_common
 .text._printf_i
                0x0000000008006144      0x24c c:/st/stm32cubeide_1.10.1/stm32cubeide/plugins/com.st.stm32cube.ide.mcu.externaltools.gnu-tools-for-stm32.10.3-2021.10.win32_1.0.0.202111181127/tools/bin/../lib/gcc/arm-none-eabi/10.3.1/../../../../arm-none-eabi/lib/thumb/v8-m.main+fp/hard\libc_nano.a(lib_a-nano-vfprintf_i.o)
                0x0000000008006144                _printf_i
 .text.memchr   0x0000000008006390       0x1c c:/st/stm32cubeide_1.10.1/stm32cubeide/plugins/com.st.stm32cube.ide.mcu.externaltools.gnu-tools-for-stm32.10.3-2021.10.win32_1.0.0.202111181127/tools/bin/../lib/gcc/arm-none-eabi/10.3.1/../../../../arm-none-eabi/lib/thumb/v8-m.main+fp/hard\libc_nano.a(lib_a-memchr-stub.o)
                0x0000000008006390                memchr
 .text.memcpy   0x00000000080063ac       0x1a c:/st/stm32cubeide_1.10.1/stm32cubeide/plugins/com.st.stm32cube.ide.mcu.externaltools.gnu-tools-for-stm32.10.3-2021.10.win32_1.0.0.202111181127/tools/bin/../lib/gcc/arm-none-eabi/10.3.1/../../../../arm-none-eabi/lib/thumb/v8-m.main+fp/hard\libc_nano.a(lib_a-memcpy-stub.o)
                0x00000000080063ac                memcpy
 .text.memmove  0x00000000080063c6       0x34 c:/st/stm32cubeide_1.10.1/stm32cubeide/plugins/com.st.stm32cube.ide.mcu.externaltools.gnu-tools-for-stm32.10.3-2021.10.win32_1.0.0.202111181127/tools/bin/../lib/gcc/arm-none-eabi/10.3.1/../../../../arm-none-eabi/lib/thumb/v8-m.main+fp/hard\libc_nano.a(lib_a-memmove.o)
                0x00000000080063c6                memmove
 *fill*         0x00000000080063fa        0x2 
 .text._free_r  0x00000000080063fc       0x98 c:/st/stm32cubeide_1.10.1/stm32cubeide/plugins/com.st.stm32cube.ide.mcu.externaltools.gnu-tools-for-stm32.10.3-2021.10.win32_1.0.0.202111181127/tools/bin/../lib/gcc/arm-none-eabi/10.3.1/../../../../arm-none-eabi/lib/thumb/v8-m.main+fp/hard\libc_nano.a(lib_a-nano-freer.o)
                0x00000000080063fc                _free_r
 .text.sbrk_aligned
                0x0000000008006494       0x40 c:/st/stm32cubeide_1.10.1/stm32cubeide/plugins/com.st.stm32cube.ide.mcu.externaltools.gnu-tools-for-stm32.10.3-2021.10.win32_1.0.0.202111181127/tools/bin/../lib/gcc/arm-none-eabi/10.3.1/../../../../arm-none-eabi/lib/thumb/v8-m.main+fp/hard\libc_nano.a(lib_a-nano-mallocr.o)
 .text._malloc_r
                0x00000000080064d4       0xe8 c:/st/stm32cubeide_1.10.1/stm32cubeide/plugins/com.st.stm32cube.ide.mcu.externaltools.gnu-tools-for-stm32.10.3-2021.10.win32_1.0.0.202111181127/tools/bin/../lib/gcc/arm-none-eabi/10.3.1/../../../../arm-none-eabi/lib/thumb/v8-m.main+fp/hard\libc_nano.a(lib_a-nano-mallocr.o)
                0x00000000080064d4                _malloc_r
 .text._realloc_r
                0x00000000080065bc       0x5e c:/st/stm32cubeide_1.10.1/stm32cubeide/plugins/com.st.stm32cube.ide.mcu.externaltools.gnu-tools-for-stm32.10.3-2021.10.win32_1.0.0.202111181127/tools/bin/../lib/gcc/arm-none-eabi/10.3.1/../../../../arm-none-eabi/lib/thumb/v8-m.main+fp/hard\libc_nano.a(lib_a-nano-reallocr.o)
                0x00000000080065bc                _realloc_r
 *fill*         0x000000000800661a        0x2 
 .text._sbrk_r  0x000000000800661c       0x20 c:/st/stm32cubeide_1.10.1/stm32cubeide/plugins/com.st.stm32cube.ide.mcu.externaltools.gnu-tools-for-stm32.10.3-2021.10.win32_1.0.0.202111181127/tools/bin/../lib/gcc/arm-none-eabi/10.3.1/../../../../arm-none-eabi/lib/thumb/v8-m.main+fp/hard\libc_nano.a(lib_a-sbrkr.o)
                0x000000000800661c                _sbrk_r
 .text.__malloc_lock
                0x000000000800663c        0xc c:/st/stm32cubeide_1.10.1/stm32cubeide/plugins/com.st.stm32cube.ide.mcu.externaltools.gnu-tools-for-stm32.10.3-2021.10.win32_1.0.0.202111181127/tools/bin/../lib/gcc/arm-none-eabi/10.3.1/../../../../arm-none-eabi/lib/thumb/v8-m.main+fp/hard\libc_nano.a(lib_a-mlock.o)
                0x000000000800663c                __malloc_lock
 .text.__malloc_unlock
                0x0000000008006648        0xc c:/st/stm32cubeide_1.10.1/stm32cubeide/plugins/com.st.stm32cube.ide.mcu.externaltools.gnu-tools-for-stm32.10.3-2021.10.win32_1.0.0.202111181127/tools/bin/../lib/gcc/arm-none-eabi/10.3.1/../../../../arm-none-eabi/lib/thumb/v8-m.main+fp/hard\libc_nano.a(lib_a-mlock.o)
                0x0000000008006648                __malloc_unlock
 .text._malloc_usable_size_r
                0x0000000008006654       0x10 c:/st/stm32cubeide_1.10.1/stm32cubeide/plugins/com.st.stm32cube.ide.mcu.externaltools.gnu-tools-for-stm32.10.3-2021.10.win32_1.0.0.202111181127/tools/bin/../lib/gcc/arm-none-eabi/10.3.1/../../../../arm-none-eabi/lib/thumb/v8-m.main+fp/hard\libc_nano.a(lib_a-nano-msizer.o)
                0x0000000008006654                _malloc_usable_size_r
 .text.__retarget_lock_acquire_recursive
                0x0000000008006664        0x2 c:/st/stm32cubeide_1.10.1/stm32cubeide/plugins/com.st.stm32cube.ide.mcu.externaltools.gnu-tools-for-stm32.10.3-2021.10.win32_1.0.0.202111181127/tools/bin/../lib/gcc/arm-none-eabi/10.3.1/../../../../arm-none-eabi/lib/thumb/v8-m.main+fp/hard\libc_nano.a(lib_a-lock.o)
                0x0000000008006664                __retarget_lock_acquire_recursive
 .text.__retarget_lock_release_recursive
                0x0000000008006666        0x2 c:/st/stm32cubeide_1.10.1/stm32cubeide/plugins/com.st.stm32cube.ide.mcu.externaltools.gnu-tools-for-stm32.10.3-2021.10.win32_1.0.0.202111181127/tools/bin/../lib/gcc/arm-none-eabi/10.3.1/../../../../arm-none-eabi/lib/thumb/v8-m.main+fp/hard\libc_nano.a(lib_a-lock.o)
                0x0000000008006666                __retarget_lock_release_recursive
 *(.glue_7)
 .glue_7        0x0000000008006668        0x0 linker stubs
 *(.glue_7t)
 .glue_7t       0x0000000008006668        0x0 linker stubs
 *(.eh_frame)
 .eh_frame      0x0000000008006668        0x0 c:/st/stm32cubeide_1.10.1/stm32cubeide/plugins/com.st.stm32cube.ide.mcu.externaltools.gnu-tools-for-stm32.10.3-2021.10.win32_1.0.0.202111181127/tools/bin/../lib/gcc/arm-none-eabi/10.3.1/thumb/v8-m.main+fp/hard/crtbegin.o
 *(.init)
 .init          0x0000000008006668        0x4 c:/st/stm32cubeide_1.10.1/stm32cubeide/plugins/com.st.stm32cube.ide.mcu.externaltools.gnu-tools-for-stm32.10.3-2021.10.win32_1.0.0.202111181127/tools/bin/../lib/gcc/arm-none-eabi/10.3.1/thumb/v8-m.main+fp/hard/crti.o
                0x0000000008006668                _init
 .init          0x000000000800666c        0x8 c:/st/stm32cubeide_1.10.1/stm32cubeide/plugins/com.st.stm32cube.ide.mcu.externaltools.gnu-tools-for-stm32.10.3-2021.10.win32_1.0.0.202111181127/tools/bin/../lib/gcc/arm-none-eabi/10.3.1/thumb/v8-m.main+fp/hard/crtn.o
 *(.fini)
 .fini          0x0000000008006674        0x4 c:/st/stm32cubeide_1.10.1/stm32cubeide/plugins/com.st.stm32cube.ide.mcu.externaltools.gnu-tools-for-stm32.10.3-2021.10.win32_1.0.0.202111181127/tools/bin/../lib/gcc/arm-none-eabi/10.3.1/thumb/v8-m.main+fp/hard/crti.o
                0x0000000008006674                _fini
 .fini          0x0000000008006678        0x8 c:/st/stm32cubeide_1.10.1/stm32cubeide/plugins/com.st.stm32cube.ide.mcu.externaltools.gnu-tools-for-stm32.10.3-2021.10.win32_1.0.0.202111181127/tools/bin/../lib/gcc/arm-none-eabi/10.3.1/thumb/v8-m.main+fp/hard/crtn.o
                0x0000000008006680                _etext = .

.vfp11_veneer   0x0000000008006680        0x0
 .vfp11_veneer  0x0000000008006680        0x0 linker stubs

.v4_bx          0x0000000008006680        0x0
 .v4_bx         0x0000000008006680        0x0 linker stubs

.iplt           0x0000000008006680        0x0
 .iplt          0x0000000008006680        0x0 c:/st/stm32cubeide_1.10.1/stm32cubeide/plugins/com.st.stm32cube.ide.mcu.externaltools.gnu-tools-for-stm32.10.3-2021.10.win32_1.0.0.202111181127/tools/bin/../lib/gcc/arm-none-eabi/10.3.1/thumb/v8-m.main+fp/hard/crtbegin.o

.rodata         0x0000000008006680      0x147
 *(.rodata)
 .rodata        0x0000000008006680       0x11 ./Core/Src/task_5.o
 *(.rodata*)
 *fill*         0x0000000008006691        0x3 
 .rodata.AHBPrescTable
                0x0000000008006694       0x10 ./Core/Src/system_stm32u5xx.o
                0x0000000008006694                AHBPrescTable
 .rodata.APBPrescTable
                0x00000000080066a4        0x8 ./Core/Src/system_stm32u5xx.o
                0x00000000080066a4                APBPrescTable
 .rodata.MSIRangeTable
                0x00000000080066ac       0x40 ./Core/Src/system_stm32u5xx.o
                0x00000000080066ac                MSIRangeTable
 .rodata.LPGPIO_Map
                0x00000000080066ec       0x80 ./Drivers/STM32U5xx_HAL_Driver/Src/stm32u5xx_hal_gpio.o
 .rodata.UARTPrescTable
                0x000000000800676c       0x18 ./Drivers/STM32U5xx_HAL_Driver/Src/stm32u5xx_hal_uart.o
                0x000000000800676c                UARTPrescTable
 .rodata.numerator.1
                0x0000000008006784        0x8 ./Drivers/STM32U5xx_HAL_Driver/Src/stm32u5xx_hal_uart_ex.o
 .rodata.denominator.0
                0x000000000800678c        0x8 ./Drivers/STM32U5xx_HAL_Driver/Src/stm32u5xx_hal_uart_ex.o
 .rodata._svfprintf_r.str1.1
                0x0000000008006794       0x11 c:/st/stm32cubeide_1.10.1/stm32cubeide/plugins/com.st.stm32cube.ide.mcu.externaltools.gnu-tools-for-stm32.10.3-2021.10.win32_1.0.0.202111181127/tools/bin/../lib/gcc/arm-none-eabi/10.3.1/../../../../arm-none-eabi/lib/thumb/v8-m.main+fp/hard\libc_nano.a(lib_a-nano-svfprintf.o)
 .rodata._printf_i.str1.1
                0x00000000080067a5       0x22 c:/st/stm32cubeide_1.10.1/stm32cubeide/plugins/com.st.stm32cube.ide.mcu.externaltools.gnu-tools-for-stm32.10.3-2021.10.win32_1.0.0.202111181127/tools/bin/../lib/gcc/arm-none-eabi/10.3.1/../../../../arm-none-eabi/lib/thumb/v8-m.main+fp/hard\libc_nano.a(lib_a-nano-vfprintf_i.o)

.ARM.extab
 *(.ARM.extab* .gnu.linkonce.armextab.*)

.ARM            0x00000000080067c8        0x8
                0x00000000080067c8                __exidx_start = .
 *(.ARM.exidx*)
 .ARM.exidx     0x00000000080067c8        0x8 c:/st/stm32cubeide_1.10.1/stm32cubeide/plugins/com.st.stm32cube.ide.mcu.externaltools.gnu-tools-for-stm32.10.3-2021.10.win32_1.0.0.202111181127/tools/bin/../lib/gcc/arm-none-eabi/10.3.1/thumb/v8-m.main+fp/hard\libgcc.a(_udivmoddi4.o)
                0x00000000080067d0                __exidx_end = .

.rel.dyn        0x00000000080067d0        0x0
 .rel.iplt      0x00000000080067d0        0x0 c:/st/stm32cubeide_1.10.1/stm32cubeide/plugins/com.st.stm32cube.ide.mcu.externaltools.gnu-tools-for-stm32.10.3-2021.10.win32_1.0.0.202111181127/tools/bin/../lib/gcc/arm-none-eabi/10.3.1/thumb/v8-m.main+fp/hard/crtbegin.o

.preinit_array  0x00000000080067d0        0x0
                0x00000000080067d0                PROVIDE (__preinit_array_start = .)
 *(.preinit_array*)
                0x00000000080067d0                PROVIDE (__preinit_array_end = .)

.init_array     0x00000000080067d0        0x4
                0x00000000080067d0                PROVIDE (__init_array_start = .)
 *(SORT_BY_NAME(.init_array.*))
 *(.init_array*)
 .init_array    0x00000000080067d0        0x4 c:/st/stm32cubeide_1.10.1/stm32cubeide/plugins/com.st.stm32cube.ide.mcu.externaltools.gnu-tools-for-stm32.10.3-2021.10.win32_1.0.0.202111181127/tools/bin/../lib/gcc/arm-none-eabi/10.3.1/thumb/v8-m.main+fp/hard/crtbegin.o
                0x00000000080067d4                PROVIDE (__init_array_end = .)

.fini_array     0x00000000080067d4        0x4
                [!provide]                        PROVIDE (__fini_array_start = .)
 *(SORT_BY_NAME(.fini_array.*))
 *(.fini_array*)
 .fini_array    0x00000000080067d4        0x4 c:/st/stm32cubeide_1.10.1/stm32cubeide/plugins/com.st.stm32cube.ide.mcu.externaltools.gnu-tools-for-stm32.10.3-2021.10.win32_1.0.0.202111181127/tools/bin/../lib/gcc/arm-none-eabi/10.3.1/thumb/v8-m.main+fp/hard/crtbegin.o
                [!provide]                        PROVIDE (__fini_array_end = .)
                0x00000000080067d8                _sidata = LOADADDR (.data)

.data           0x0000000020000000       0x70 load address 0x00000000080067d8
                0x0000000020000000                _sdata = .
 *(.data)
 *(.data*)
 .data.SystemCoreClock
                0x0000000020000000        0x4 ./Core/Src/system_stm32u5xx.o
                0x0000000020000000                SystemCoreClock
 .data.uwTickPrio
                0x0000000020000004        0x4 ./Drivers/STM32U5xx_HAL_Driver/Src/stm32u5xx_hal.o
                0x0000000020000004                uwTickPrio
 .data.uwTickFreq
                0x0000000020000008        0x1 ./Drivers/STM32U5xx_HAL_Driver/Src/stm32u5xx_hal.o
                0x0000000020000008                uwTickFreq
 *fill*         0x0000000020000009        0x3 
 .data._impure_ptr
                0x000000002000000c        0x4 c:/st/stm32cubeide_1.10.1/stm32cubeide/plugins/com.st.stm32cube.ide.mcu.externaltools.gnu-tools-for-stm32.10.3-2021.10.win32_1.0.0.202111181127/tools/bin/../lib/gcc/arm-none-eabi/10.3.1/../../../../arm-none-eabi/lib/thumb/v8-m.main+fp/hard\libc_nano.a(lib_a-impure.o)
                0x000000002000000c                _impure_ptr
 .data.impure_data
                0x0000000020000010       0x60 c:/st/stm32cubeide_1.10.1/stm32cubeide/plugins/com.st.stm32cube.ide.mcu.externaltools.gnu-tools-for-stm32.10.3-2021.10.win32_1.0.0.202111181127/tools/bin/../lib/gcc/arm-none-eabi/10.3.1/../../../../arm-none-eabi/lib/thumb/v8-m.main+fp/hard\libc_nano.a(lib_a-impure.o)
 *(.RamFunc)
 *(.RamFunc*)
                0x0000000020000070                _edata = .

.igot.plt       0x0000000020000070        0x0 load address 0x0000000008006848
 .igot.plt      0x0000000020000070        0x0 c:/st/stm32cubeide_1.10.1/stm32cubeide/plugins/com.st.stm32cube.ide.mcu.externaltools.gnu-tools-for-stm32.10.3-2021.10.win32_1.0.0.202111181127/tools/bin/../lib/gcc/arm-none-eabi/10.3.1/thumb/v8-m.main+fp/hard/crtbegin.o

.bss            0x0000000020000070      0x1c1 load address 0x0000000008006848
                0x0000000020000070                _sbss = .
                0x0000000020000070                __bss_start__ = _sbss
 *(.bss)
 .bss           0x0000000020000070       0x1c c:/st/stm32cubeide_1.10.1/stm32cubeide/plugins/com.st.stm32cube.ide.mcu.externaltools.gnu-tools-for-stm32.10.3-2021.10.win32_1.0.0.202111181127/tools/bin/../lib/gcc/arm-none-eabi/10.3.1/thumb/v8-m.main+fp/hard/crtbegin.o
 *(.bss*)
 .bss.huart1    0x000000002000008c       0x90 ./Core/Src/main.o
                0x000000002000008c                huart1
 .bss.__sbrk_heap_end
                0x000000002000011c        0x4 ./Core/Src/sysmem.o
 .bss.buffer.0  0x0000000020000120      0x100 ./Core/Src/task_5.o
 .bss.uwTick    0x0000000020000220        0x4 ./Drivers/STM32U5xx_HAL_Driver/Src/stm32u5xx_hal.o
                0x0000000020000220                uwTick
 .bss.__malloc_free_list
                0x0000000020000224        0x4 c:/st/stm32cubeide_1.10.1/stm32cubeide/plugins/com.st.stm32cube.ide.mcu.externaltools.gnu-tools-for-stm32.10.3-2021.10.win32_1.0.0.202111181127/tools/bin/../lib/gcc/arm-none-eabi/10.3.1/../../../../arm-none-eabi/lib/thumb/v8-m.main+fp/hard\libc_nano.a(lib_a-nano-mallocr.o)
                0x0000000020000224                __malloc_free_list
 .bss.__malloc_sbrk_start
                0x0000000020000228        0x4 c:/st/stm32cubeide_1.10.1/stm32cubeide/plugins/com.st.stm32cube.ide.mcu.externaltools.gnu-tools-for-stm32.10.3-2021.10.win32_1.0.0.202111181127/tools/bin/../lib/gcc/arm-none-eabi/10.3.1/../../../../arm-none-eabi/lib/thumb/v8-m.main+fp/hard\libc_nano.a(lib_a-nano-mallocr.o)
                0x0000000020000228                __malloc_sbrk_start
 .bss.errno     0x000000002000022c        0x4 c:/st/stm32cubeide_1.10.1/stm32cubeide/plugins/com.st.stm32cube.ide.mcu.externaltools.gnu-tools-for-stm32.10.3-2021.10.win32_1.0.0.202111181127/tools/bin/../lib/gcc/arm-none-eabi/10.3.1/../../../../arm-none-eabi/lib/thumb/v8-m.main+fp/hard\libc_nano.a(lib_a-reent.o)
                0x000000002000022c                errno
 .bss.__lock___malloc_recursive_mutex
                0x0000000020000230        0x1 c:/st/stm32cubeide_1.10.1/stm32cubeide/plugins/com.st.stm32cube.ide.mcu.externaltools.gnu-tools-for-stm32.10.3-2021.10.win32_1.0.0.202111181127/tools/bin/../lib/gcc/arm-none-eabi/10.3.1/../../../../arm-none-eabi/lib/thumb/v8-m.main+fp/hard\libc_nano.a(lib_a-lock.o)
                0x0000000020000230                __lock___malloc_recursive_mutex
 *(COMMON)
                0x0000000020000231                _ebss = .
                0x0000000020000231                __bss_end__ = _ebss

._user_heap_stack
                0x0000000020000231      0x607 load address 0x0000000008006848
                0x0000000020000238                . = ALIGN (0x8)
 *fill*         0x0000000020000231        0x7 
                [!provide]                        PROVIDE (end = .)
                0x0000000020000238                PROVIDE (_end = .)
                0x0000000020000438                . = (. + _Min_Heap_Size)
 *fill*         0x0000000020000238      0x200 
                0x0000000020000838                . = (. + _Min_Stack_Size)
 *fill*         0x0000000020000438      0x400 
                0x0000000020000838                . = ALIGN (0x8)

/DISCARD/
 libc.a(*)
 libm.a(*)
 libgcc.a(*)

.ARM.attributes
                0x0000000000000000       0x36
 *(.ARM.attributes)
 .ARM.attributes
                0x0000000000000000       0x22 c:/st/stm32cubeide_1.10.1/stm32cubeide/plugins/com.st.stm32cube.ide.mcu.externaltools.gnu-tools-for-stm32.10.3-2021.10.win32_1.0.0.202111181127/tools/bin/../lib/gcc/arm-none-eabi/10.3.1/thumb/v8-m.main+fp/hard/crti.o
 .ARM.attributes
                0x0000000000000022       0x38 c:/st/stm32cubeide_1.10.1/stm32cubeide/plugins/com.st.stm32cube.ide.mcu.externaltools.gnu-tools-for-stm32.10.3-2021.10.win32_1.0.0.202111181127/tools/bin/../lib/gcc/arm-none-eabi/10.3.1/thumb/v8-m.main+fp/hard/crtbegin.o
 .ARM.attributes
                0x000000000000005a       0x3a ./Core/Src/main.o
 .ARM.attributes
                0x0000000000000094       0x3a ./Core/Src/stm32u5xx_hal_msp.o
 .ARM.attributes
                0x00000000000000ce       0x3a ./Core/Src/stm32u5xx_it.o
 .ARM.attributes
                0x0000000000000108       0x3a ./Core/Src/sysmem.o
 .ARM.attributes
                0x0000000000000142       0x3a ./Core/Src/system_stm32u5xx.o
 .ARM.attributes
                0x000000000000017c       0x3a ./Core/Src/task_5.o
 .ARM.attributes
                0x00000000000001b6       0x24 ./Core/Startup/startup_stm32u585aiixq.o
 .ARM.attributes
                0x00000000000001da       0x3a ./Drivers/STM32U5xx_HAL_Driver/Src/stm32u5xx_hal.o
 .ARM.attributes
                0x0000000000000214       0x3a ./Drivers/STM32U5xx_HAL_Driver/Src/stm32u5xx_hal_cortex.o
 .ARM.attributes
                0x000000000000024e       0x3a ./Drivers/STM32U5xx_HAL_Driver/Src/stm32u5xx_hal_gpio.o
 .ARM.attributes
                0x0000000000000288       0x3a ./Drivers/STM32U5xx_HAL_Driver/Src/stm32u5xx_hal_icache.o
 .ARM.attributes
                0x00000000000002c2       0x3a ./Drivers/STM32U5xx_HAL_Driver/Src/stm32u5xx_hal_pwr_ex.o
 .ARM.attributes
                0x00000000000002fc       0x3a ./Drivers/STM32U5xx_HAL_Driver/Src/stm32u5xx_hal_rcc.o
 .ARM.attributes
                0x0000000000000336       0x3a ./Drivers/STM32U5xx_HAL_Driver/Src/stm32u5xx_hal_rcc_ex.o
 .ARM.attributes
                0x0000000000000370       0x3a ./Drivers/STM32U5xx_HAL_Driver/Src/stm32u5xx_hal_uart.o
 .ARM.attributes
                0x00000000000003aa       0x3a ./Drivers/STM32U5xx_HAL_Driver/Src/stm32u5xx_hal_uart_ex.o
 .ARM.attributes
                0x00000000000003e4       0x38 c:/st/stm32cubeide_1.10.1/stm32cubeide/plugins/com.st.stm32cube.ide.mcu.externaltools.gnu-tools-for-stm32.10.3-2021.10.win32_1.0.0.202111181127/tools/bin/../lib/gcc/arm-none-eabi/10.3.1/../../../../arm-none-eabi/lib/thumb/v8-m.main+fp/hard\libc_nano.a(lib_a-errno.o)
 .ARM.attributes
                0x000000000000041c       0x38 c:/st/stm32cubeide_1.10.1/stm32cubeide/plugins/com.st.stm32cube.ide.mcu.externaltools.gnu-tools-for-stm32.10.3-2021.10.win32_1.0.0.202111181127/tools/bin/../lib/gcc/arm-none-eabi/10.3.1/../../../../arm-none-eabi/lib/thumb/v8-m.main+fp/hard\libc_nano.a(lib_a-impure.o)
 .ARM.attributes
                0x0000000000000454       0x38 c:/st/stm32cubeide_1.10.1/stm32cubeide/plugins/com.st.stm32cube.ide.mcu.externaltools.gnu-tools-for-stm32.10.3-2021.10.win32_1.0.0.202111181127/tools/bin/../lib/gcc/arm-none-eabi/10.3.1/../../../../arm-none-eabi/lib/thumb/v8-m.main+fp/hard\libc_nano.a(lib_a-init.o)
 .ARM.attributes
                0x000000000000048c       0x38 c:/st/stm32cubeide_1.10.1/stm32cubeide/plugins/com.st.stm32cube.ide.mcu.externaltools.gnu-tools-for-stm32.10.3-2021.10.win32_1.0.0.202111181127/tools/bin/../lib/gcc/arm-none-eabi/10.3.1/../../../../arm-none-eabi/lib/thumb/v8-m.main+fp/hard\libc_nano.a(lib_a-memset.o)
 .ARM.attributes
                0x00000000000004c4       0x38 c:/st/stm32cubeide_1.10.1/stm32cubeide/plugins/com.st.stm32cube.ide.mcu.externaltools.gnu-tools-for-stm32.10.3-2021.10.win32_1.0.0.202111181127/tools/bin/../lib/gcc/arm-none-eabi/10.3.1/../../../../arm-none-eabi/lib/thumb/v8-m.main+fp/hard\libc_nano.a(lib_a-vsnprintf.o)
 .ARM.attributes
                0x00000000000004fc       0x38 c:/st/stm32cubeide_1.10.1/stm32cubeide/plugins/com.st.stm32cube.ide.mcu.externaltools.gnu-tools-for-stm32.10.3-2021.10.win32_1.0.0.202111181127/tools/bin/../lib/gcc/arm-none-eabi/10.3.1/../../../../arm-none-eabi/lib/thumb/v8-m.main+fp/hard\libc_nano.a(lib_a-nano-svfprintf.o)
 .ARM.attributes
                0x0000000000000534       0x38 c:/st/stm32cubeide_1.10.1/stm32cubeide/plugins/com.st.stm32cube.ide.mcu.externaltools.gnu-tools-for-stm32.10.3-2021.10.win32_1.0.0.202111181127/tools/bin/../lib/gcc/arm-none-eabi/10.3.1/../../../../arm-none-eabi/lib/thumb/v8-m.main+fp/hard\libc_nano.a(lib_a-nano-vfprintf_i.o)
 .ARM.attributes
                0x000000000000056c       0x38 c:/st/stm32cubeide_1.10.1/stm32cubeide/plugins/com.st.stm32cube.ide.mcu.externaltools.gnu-tools-for-stm32.10.3-2021.10.win32_1.0.0.202111181127/tools/bin/../lib/gcc/arm-none-eabi/10.3.1/../../../../arm-none-eabi/lib/thumb/v8-m.main+fp/hard\libc_nano.a(lib_a-memchr-stub.o)
 .ARM.attributes
                0x00000000000005a4       0x38 c:/st/stm32cubeide_1.10.1/stm32cubeide/plugins/com.st.stm32cube.ide.mcu.externaltools.gnu-tools-for-stm32.10.3-2021.10.win32_1.0.0.202111181127/tools/bin/../lib/gcc/arm-none-eabi/10.3.1/../../../../arm-none-eabi/lib/thumb/v8-m.main+fp/hard\libc_nano.a(lib_a-memcpy-stub.o)
 .ARM.attributes
                0x00000000000005dc       0x38 c:/st/stm32cubeide_1.10.1/stm32cubeide/plugins/com.st.stm32cube.ide.mcu.externaltools.gnu-tools-for-stm32.10.3-2021.10.win32_1.0.0.202111181127/tools/bin/../lib/gcc/arm-none-eabi/10.3.1/../../../../arm-none-eabi/lib/thumb/v8-m.main+fp/hard\libc_nano.a(lib_a-memmove.o)
 .ARM.attributes
                0x0000000000000614       0x38 c:/st/stm32cubeide_1.10.1/stm32cubeide/plugins/com.st.stm32cube.ide.mcu.externaltools.gnu-tools-for-stm32.10.3-2021.10.win32_1.0.0.202111181127/tools/bin/../lib/gcc/arm-none-eabi/10.3.1/../../../../arm-none-eabi/lib/thumb/v8-m.main+fp/hard\libc_nano.a(lib_a-nano-freer.o)
 .ARM.attributes
                0x000000000000064c       0x38 c:/st/stm32cubeide_1.10.1/stm32cubeide/plugins/com.st.stm32cube.ide.mcu.externaltools.gnu-tools-for-stm32.10.3-2021.10.win32_1.0.0.202111181127/tools/bin/../lib/gcc/arm-none-eabi/10.3.1/../../../../arm-none-eabi/lib/thumb/v8-m.main+fp/hard\libc_nano.a(lib_a-nano-mallocr.o)
 .ARM.attributes
                0x0000000000000684       0x38 c:/st/stm32cubeide_1.10.1/stm32cubeide/plugins/com.st.stm32cube.ide.mcu.externaltools.gnu-tools-for-stm32.10.3-2021.10.win32_1.0.0.202111181127/tools/bin/../lib/gcc/arm-none-eabi/10.3.1/../../../../arm-none-eabi/lib/thumb/v8-m.main+fp/hard\libc_nano.a(lib_a-nano-reallocr.o)
 .ARM.attributes
                0x00000000000006bc       0x38 c:/st/stm32cubeide_1.10.1/stm32cubeide/plugins/com.st.stm32cube.ide.mcu.externaltools.gnu-tools-for-stm32.10.3-2021.10.win32_1.0.0.202111181127/tools/bin/../lib/gcc/arm-none-eabi/10.3.1/../../../../arm-none-eabi/lib/thumb/v8-m.main+fp/hard\libc_nano.a(lib_a-sbrkr.o)
 .ARM.attributes
                0x00000000000006f4       0x38 c:/st/stm32cubeide_1.10.1/stm32cubeide/plugins/com.st.stm32cube.ide.mcu.externaltools.gnu-tools-for-stm32.10.3-2021.10.win32_1.0.0.202111181127/tools/bin/../lib/gcc/arm-none-eabi/10.3.1/../../../../arm-none-eabi/lib/thumb/v8-m.main+fp/hard\libc_nano.a(lib_a-mlock.o)
 .ARM.attributes
                0x000000000000072c       0x38 c:/st/stm32cubeide_1.10.1/stm32cubeide/plugins/com.st.stm32cube.ide.mcu.externaltools.gnu-tools-for-stm32.10.3-2021.10.win32_1.0.0.202111181127/tools/bin/../lib/gcc/arm-none-eabi/10.3.1/../../../../arm-none-eabi/lib/thumb/v8-m.main+fp/hard\libc_nano.a(lib_a-nano-msizer.o)
 .ARM.attributes
                0x0000000000000764       0x38 c:/st/stm32cubeide_1.10.1/stm32cubeide/plugins/com.st.stm32cube.ide.mcu.externaltools.gnu-tools-for-stm32.10.3-2021.10.win32_1.0.0.202111181127/tools/bin/../lib/gcc/arm-none-eabi/10.3.1/../../../../arm-none-eabi/lib/thumb/v8-m.main+fp/hard\libc_nano.a(lib_a-reent.o)
 .ARM.attributes
                0x000000000000079c       0x38 c:/st/stm32cubeide_1.10.1/stm32cubeide/plugins/com.st.stm32cube.ide.mcu.externaltools.gnu-tools-for-stm32.10.3-2021.10.win32_1.0.0.202111181127/tools/bin/../lib/gcc/arm-none-eabi/10.3.1/../../../../arm-none-eabi/lib/thumb/v8-m.main+fp/hard\libc_nano.a(lib_a-lock.o)
 .ARM.attributes
                0x00000000000007d4       0x22 c:/st/stm32cubeide_1.10.1/stm32cubeide/plugins/com.st.stm32cube.ide.mcu.externaltools.gnu-tools-for-stm32.10.3-2021.10.win32_1.0.0.202111181127/tools/bin/../lib/gcc/arm-none-eabi/10.3.1/thumb/v8-m.main+fp/hard\libgcc.a(_aeabi_uldivmod.o)
 .ARM.attributes
                0x00000000000007f6       0x38 c:/st/stm32cubeide_1.10.1/stm32cubeide/plugins/com.st.stm32cube.ide.mcu.externaltools.gnu-tools-for-stm32.10.3-2021.10.win32_1.0.0.202111181127/tools/bin/../lib/gcc/arm-none-eabi/10.3.1/thumb/v8-m.main+fp/hard\libgcc.a(_udivmoddi4.o)
 .ARM.attributes
                0x000000000000082e       0x22 c:/st/stm32cubeide_1.10.1/stm32cubeide/plugins/com.st.stm32cube.ide.mcu.externaltools.gnu-tools-for-stm32.10.3-2021.10.win32_1.0.0.202111181127/tools/bin/../lib/gcc/arm-none-eabi/10.3.1/thumb/v8-m.main+fp/hard\libgcc.a(_dvmd_tls.o)
 .ARM.attributes
                0x0000000000000850       0x22 c:/st/stm32cubeide_1.10.1/stm32cubeide/plugins/com.st.stm32cube.ide.mcu.externaltools.gnu-tools-for-stm32.10.3-2021.10.win32_1.0.0.202111181127/tools/bin/../lib/gcc/arm-none-eabi/10.3.1/thumb/v8-m.main+fp/hard/crtn.o
OUTPUT(lab0.elf elf32-littlearm)
LOAD linker stubs
LOAD c:/st/stm32cubeide_1.10.1/stm32cubeide/plugins/com.st.stm32cube.ide.mcu.externaltools.gnu-tools-for-stm32.10.3-2021.10.win32_1.0.0.202111181127/tools/bin/../lib/gcc/arm-none-eabi/10.3.1/../../../../arm-none-eabi/lib/thumb/v8-m.main+fp/hard\libc.a
LOAD c:/st/stm32cubeide_1.10.1/stm32cubeide/plugins/com.st.stm32cube.ide.mcu.externaltools.gnu-tools-for-stm32.10.3-2021.10.win32_1.0.0.202111181127/tools/bin/../lib/gcc/arm-none-eabi/10.3.1/../../../../arm-none-eabi/lib/thumb/v8-m.main+fp/hard\libm.a
LOAD c:/st/stm32cubeide_1.10.1/stm32cubeide/plugins/com.st.stm32cube.ide.mcu.externaltools.gnu-tools-for-stm32.10.3-2021.10.win32_1.0.0.202111181127/tools/bin/../lib/gcc/arm-none-eabi/10.3.1/thumb/v8-m.main+fp/hard\libgcc.a

.debug_info     0x0000000000000000     0xfcb4
 .debug_info    0x0000000000000000     0x1246 ./Core/Src/main.o
 .debug_info    0x0000000000001246     0x11ed ./Core/Src/stm32u5xx_hal_msp.o
 .debug_info    0x0000000000002433      0x137 ./Core/Src/stm32u5xx_it.o
 .debug_info    0x000000000000256a      0x171 ./Core/Src/sysmem.o
 .debug_info    0x00000000000026db      0x8f2 ./Core/Src/system_stm32u5xx.o
 .debug_info    0x0000000000002fcd      0xb5b ./Core/Src/task_5.o
 .debug_info    0x0000000000003b28       0x22 ./Core/Startup/startup_stm32u585aiixq.o
 .debug_info    0x0000000000003b4a     0x11d3 ./Drivers/STM32U5xx_HAL_Driver/Src/stm32u5xx_hal.o
 .debug_info    0x0000000000004d1d     0x15d7 ./Drivers/STM32U5xx_HAL_Driver/Src/stm32u5xx_hal_cortex.o
 .debug_info    0x00000000000062f4      0x880 ./Drivers/STM32U5xx_HAL_Driver/Src/stm32u5xx_hal_gpio.o
 .debug_info    0x0000000000006b74      0x592 ./Drivers/STM32U5xx_HAL_Driver/Src/stm32u5xx_hal_icache.o
 .debug_info    0x0000000000007106      0xe83 ./Drivers/STM32U5xx_HAL_Driver/Src/stm32u5xx_hal_pwr_ex.o
 .debug_info    0x0000000000007f89     0x1392 ./Drivers/STM32U5xx_HAL_Driver/Src/stm32u5xx_hal_rcc.o
 .debug_info    0x000000000000931b     0x163d ./Drivers/STM32U5xx_HAL_Driver/Src/stm32u5xx_hal_rcc_ex.o
 .debug_info    0x000000000000a958     0x4112 ./Drivers/STM32U5xx_HAL_Driver/Src/stm32u5xx_hal_uart.o
 .debug_info    0x000000000000ea6a     0x124a ./Drivers/STM32U5xx_HAL_Driver/Src/stm32u5xx_hal_uart_ex.o

.debug_abbrev   0x0000000000000000     0x202c
 .debug_abbrev  0x0000000000000000      0x2b4 ./Core/Src/main.o
 .debug_abbrev  0x00000000000002b4      0x1e5 ./Core/Src/stm32u5xx_hal_msp.o
 .debug_abbrev  0x0000000000000499       0x74 ./Core/Src/stm32u5xx_it.o
 .debug_abbrev  0x000000000000050d       0xbb ./Core/Src/sysmem.o
 .debug_abbrev  0x00000000000005c8      0x127 ./Core/Src/system_stm32u5xx.o
 .debug_abbrev  0x00000000000006ef      0x222 ./Core/Src/task_5.o
 .debug_abbrev  0x0000000000000911       0x12 ./Core/Startup/startup_stm32u585aiixq.o
 .debug_abbrev  0x0000000000000923      0x285 ./Drivers/STM32U5xx_HAL_Driver/Src/stm32u5xx_hal.o
 .debug_abbrev  0x0000000000000ba8      0x303 ./Drivers/STM32U5xx_HAL_Driver/Src/stm32u5xx_hal_cortex.o
 .debug_abbrev  0x0000000000000eab      0x246 ./Drivers/STM32U5xx_HAL_Driver/Src/stm32u5xx_hal_gpio.o
 .debug_abbrev  0x00000000000010f1      0x22f ./Drivers/STM32U5xx_HAL_Driver/Src/stm32u5xx_hal_icache.o
 .debug_abbrev  0x0000000000001320      0x20d ./Drivers/STM32U5xx_HAL_Driver/Src/stm32u5xx_hal_pwr_ex.o
 .debug_abbrev  0x000000000000152d      0x2b9 ./Drivers/STM32U5xx_HAL_Driver/Src/stm32u5xx_hal_rcc.o
 .debug_abbrev  0x00000000000017e6      0x299 ./Drivers/STM32U5xx_HAL_Driver/Src/stm32u5xx_hal_rcc_ex.o
 .debug_abbrev  0x0000000000001a7f      0x2f0 ./Drivers/STM32U5xx_HAL_Driver/Src/stm32u5xx_hal_uart.o
 .debug_abbrev  0x0000000000001d6f      0x2bd ./Drivers/STM32U5xx_HAL_Driver/Src/stm32u5xx_hal_uart_ex.o

.debug_aranges  0x0000000000000000      0xbc0
 .debug_aranges
                0x0000000000000000       0x50 ./Core/Src/main.o
 .debug_aranges
                0x0000000000000050       0x30 ./Core/Src/stm32u5xx_hal_msp.o
 .debug_aranges
                0x0000000000000080       0x60 ./Core/Src/stm32u5xx_it.o
 .debug_aranges
                0x00000000000000e0       0x20 ./Core/Src/sysmem.o
 .debug_aranges
                0x0000000000000100       0x28 ./Core/Src/system_stm32u5xx.o
 .debug_aranges
                0x0000000000000128       0x30 ./Core/Src/task_5.o
 .debug_aranges
                0x0000000000000158       0x28 ./Core/Startup/startup_stm32u585aiixq.o
 .debug_aranges
                0x0000000000000180      0x120 ./Drivers/STM32U5xx_HAL_Driver/Src/stm32u5xx_hal.o
 .debug_aranges
                0x00000000000002a0      0x130 ./Drivers/STM32U5xx_HAL_Driver/Src/stm32u5xx_hal_cortex.o
 .debug_aranges
                0x00000000000003d0       0x70 ./Drivers/STM32U5xx_HAL_Driver/Src/stm32u5xx_hal_gpio.o
 .debug_aranges
                0x0000000000000440       0xa8 ./Drivers/STM32U5xx_HAL_Driver/Src/stm32u5xx_hal_icache.o
 .debug_aranges
                0x00000000000004e8      0x200 ./Drivers/STM32U5xx_HAL_Driver/Src/stm32u5xx_hal_pwr_ex.o
 .debug_aranges
                0x00000000000006e8       0xa8 ./Drivers/STM32U5xx_HAL_Driver/Src/stm32u5xx_hal_rcc.o
 .debug_aranges
                0x0000000000000790      0x138 ./Drivers/STM32U5xx_HAL_Driver/Src/stm32u5xx_hal_rcc_ex.o
 .debug_aranges
                0x00000000000008c8      0x248 ./Drivers/STM32U5xx_HAL_Driver/Src/stm32u5xx_hal_uart.o
 .debug_aranges
                0x0000000000000b10       0xb0 ./Drivers/STM32U5xx_HAL_Driver/Src/stm32u5xx_hal_uart_ex.o

.debug_ranges   0x0000000000000000      0xaf8
 .debug_ranges  0x0000000000000000       0x40 ./Core/Src/main.o
 .debug_ranges  0x0000000000000040       0x20 ./Core/Src/stm32u5xx_hal_msp.o
 .debug_ranges  0x0000000000000060       0x50 ./Core/Src/stm32u5xx_it.o
 .debug_ranges  0x00000000000000b0       0x10 ./Core/Src/sysmem.o
 .debug_ranges  0x00000000000000c0       0x18 ./Core/Src/system_stm32u5xx.o
 .debug_ranges  0x00000000000000d8       0x20 ./Core/Src/task_5.o
 .debug_ranges  0x00000000000000f8       0x20 ./Core/Startup/startup_stm32u585aiixq.o
 .debug_ranges  0x0000000000000118      0x110 ./Drivers/STM32U5xx_HAL_Driver/Src/stm32u5xx_hal.o
 .debug_ranges  0x0000000000000228      0x120 ./Drivers/STM32U5xx_HAL_Driver/Src/stm32u5xx_hal_cortex.o
 .debug_ranges  0x0000000000000348       0x60 ./Drivers/STM32U5xx_HAL_Driver/Src/stm32u5xx_hal_gpio.o
 .debug_ranges  0x00000000000003a8       0x98 ./Drivers/STM32U5xx_HAL_Driver/Src/stm32u5xx_hal_icache.o
 .debug_ranges  0x0000000000000440      0x1f0 ./Drivers/STM32U5xx_HAL_Driver/Src/stm32u5xx_hal_pwr_ex.o
 .debug_ranges  0x0000000000000630       0x98 ./Drivers/STM32U5xx_HAL_Driver/Src/stm32u5xx_hal_rcc.o
 .debug_ranges  0x00000000000006c8      0x128 ./Drivers/STM32U5xx_HAL_Driver/Src/stm32u5xx_hal_rcc_ex.o
 .debug_ranges  0x00000000000007f0      0x268 ./Drivers/STM32U5xx_HAL_Driver/Src/stm32u5xx_hal_uart.o
 .debug_ranges  0x0000000000000a58       0xa0 ./Drivers/STM32U5xx_HAL_Driver/Src/stm32u5xx_hal_uart_ex.o

.debug_macro    0x0000000000000000    0x31b60
 .debug_macro   0x0000000000000000      0x286 ./Core/Src/main.o
 .debug_macro   0x0000000000000286      0xa7e ./Core/Src/main.o
 .debug_macro   0x0000000000000d04      0x1d9 ./Core/Src/main.o
 .debug_macro   0x0000000000000edd       0x2e ./Core/Src/main.o
 .debug_macro   0x0000000000000f0b       0x42 ./Core/Src/main.o
 .debug_macro   0x0000000000000f4d       0x22 ./Core/Src/main.o
 .debug_macro   0x0000000000000f6f       0x8e ./Core/Src/main.o
 .debug_macro   0x0000000000000ffd       0x51 ./Core/Src/main.o
 .debug_macro   0x000000000000104e      0x103 ./Core/Src/main.o
 .debug_macro   0x0000000000001151       0x6a ./Core/Src/main.o
 .debug_macro   0x00000000000011bb      0x1df ./Core/Src/main.o
 .debug_macro   0x000000000000139a       0x1c ./Core/Src/main.o
 .debug_macro   0x00000000000013b6       0x29 ./Core/Src/main.o
 .debug_macro   0x00000000000013df       0xfb ./Core/Src/main.o
 .debug_macro   0x00000000000014da     0x1336 ./Core/Src/main.o
 .debug_macro   0x0000000000002810       0x5e ./Core/Src/main.o
 .debug_macro   0x000000000000286e    0x2389c ./Core/Src/main.o
 .debug_macro   0x000000000002610a       0x6d ./Core/Src/main.o
 .debug_macro   0x0000000000026177     0x3794 ./Core/Src/main.o
 .debug_macro   0x000000000002990b      0x174 ./Core/Src/main.o
 .debug_macro   0x0000000000029a7f       0x52 ./Core/Src/main.o
 .debug_macro   0x0000000000029ad1       0x1e ./Core/Src/main.o
 .debug_macro   0x0000000000029aef       0x3c ./Core/Src/main.o
 .debug_macro   0x0000000000029b2b       0x34 ./Core/Src/main.o
 .debug_macro   0x0000000000029b5f       0x16 ./Core/Src/main.o
 .debug_macro   0x0000000000029b75       0x43 ./Core/Src/main.o
 .debug_macro   0x0000000000029bb8       0x34 ./Core/Src/main.o
 .debug_macro   0x0000000000029bec       0x10 ./Core/Src/main.o
 .debug_macro   0x0000000000029bfc       0x58 ./Core/Src/main.o
 .debug_macro   0x0000000000029c54       0x71 ./Core/Src/main.o
 .debug_macro   0x0000000000029cc5       0x1c ./Core/Src/main.o
 .debug_macro   0x0000000000029ce1      0x12a ./Core/Src/main.o
 .debug_macro   0x0000000000029e0b      0x341 ./Core/Src/main.o
 .debug_macro   0x000000000002a14c      0x19b ./Core/Src/main.o
 .debug_macro   0x000000000002a2e7       0x5d ./Core/Src/main.o
 .debug_macro   0x000000000002a344     0x1bef ./Core/Src/main.o
 .debug_macro   0x000000000002bf33      0x7ff ./Core/Src/main.o
 .debug_macro   0x000000000002c732      0x158 ./Core/Src/main.o
 .debug_macro   0x000000000002c88a      0x2aa ./Core/Src/main.o
 .debug_macro   0x000000000002cb34       0xc8 ./Core/Src/main.o
 .debug_macro   0x000000000002cbfc      0x5a5 ./Core/Src/main.o
 .debug_macro   0x000000000002d1a1      0x432 ./Core/Src/main.o
 .debug_macro   0x000000000002d5d3       0xd6 ./Core/Src/main.o
 .debug_macro   0x000000000002d6a9      0x1cd ./Core/Src/main.o
 .debug_macro   0x000000000002d876      0x432 ./Core/Src/main.o
 .debug_macro   0x000000000002dca8       0x95 ./Core/Src/main.o
 .debug_macro   0x000000000002dd3d      0x11c ./Core/Src/main.o
 .debug_macro   0x000000000002de59      0x517 ./Core/Src/main.o
 .debug_macro   0x000000000002e370      0x4d4 ./Core/Src/main.o
 .debug_macro   0x000000000002e844      0x662 ./Core/Src/main.o
 .debug_macro   0x000000000002eea6      0x1a1 ./Core/Src/main.o
 .debug_macro   0x000000000002f047      0x1b7 ./Core/Src/main.o
 .debug_macro   0x000000000002f1fe      0x361 ./Core/Src/main.o
 .debug_macro   0x000000000002f55f       0x58 ./Core/Src/main.o
 .debug_macro   0x000000000002f5b7      0x26d ./Core/Src/stm32u5xx_hal_msp.o
 .debug_macro   0x000000000002f824      0x277 ./Core/Src/stm32u5xx_it.o
 .debug_macro   0x000000000002fa9b       0xff ./Core/Src/sysmem.o
 .debug_macro   0x000000000002fb9a      0x23b ./Core/Src/sysmem.o
 .debug_macro   0x000000000002fdd5      0x26a ./Core/Src/system_stm32u5xx.o
 .debug_macro   0x000000000003003f      0x288 ./Core/Src/task_5.o
 .debug_macro   0x00000000000302c7      0x287 ./Drivers/STM32U5xx_HAL_Driver/Src/stm32u5xx_hal.o
 .debug_macro   0x000000000003054e      0x263 ./Drivers/STM32U5xx_HAL_Driver/Src/stm32u5xx_hal_cortex.o
 .debug_macro   0x00000000000307b1      0x295 ./Drivers/STM32U5xx_HAL_Driver/Src/stm32u5xx_hal_gpio.o
 .debug_macro   0x0000000000030a46      0x293 ./Drivers/STM32U5xx_HAL_Driver/Src/stm32u5xx_hal_icache.o
 .debug_macro   0x0000000000030cd9      0x28e ./Drivers/STM32U5xx_HAL_Driver/Src/stm32u5xx_hal_pwr_ex.o
 .debug_macro   0x0000000000030f67      0x363 ./Drivers/STM32U5xx_HAL_Driver/Src/stm32u5xx_hal_rcc.o
 .debug_macro   0x00000000000312ca      0x399 ./Drivers/STM32U5xx_HAL_Driver/Src/stm32u5xx_hal_rcc_ex.o
 .debug_macro   0x0000000000031663      0x28e ./Drivers/STM32U5xx_HAL_Driver/Src/stm32u5xx_hal_uart.o
 .debug_macro   0x00000000000318f1      0x26f ./Drivers/STM32U5xx_HAL_Driver/Src/stm32u5xx_hal_uart_ex.o

.debug_line     0x0000000000000000     0xf276
 .debug_line    0x0000000000000000      0x937 ./Core/Src/main.o
 .debug_line    0x0000000000000937      0x832 ./Core/Src/stm32u5xx_hal_msp.o
 .debug_line    0x0000000000001169      0x897 ./Core/Src/stm32u5xx_it.o
 .debug_line    0x0000000000001a00      0x4ea ./Core/Src/sysmem.o
 .debug_line    0x0000000000001eea      0x8cd ./Core/Src/system_stm32u5xx.o
 .debug_line    0x00000000000027b7      0x892 ./Core/Src/task_5.o
 .debug_line    0x0000000000003049       0x86 ./Core/Startup/startup_stm32u585aiixq.o
 .debug_line    0x00000000000030cf      0xb97 ./Drivers/STM32U5xx_HAL_Driver/Src/stm32u5xx_hal.o
 .debug_line    0x0000000000003c66      0xddc ./Drivers/STM32U5xx_HAL_Driver/Src/stm32u5xx_hal_cortex.o
 .debug_line    0x0000000000004a42      0xd21 ./Drivers/STM32U5xx_HAL_Driver/Src/stm32u5xx_hal_gpio.o
 .debug_line    0x0000000000005763      0xabf ./Drivers/STM32U5xx_HAL_Driver/Src/stm32u5xx_hal_icache.o
 .debug_line    0x0000000000006222     0x115a ./Drivers/STM32U5xx_HAL_Driver/Src/stm32u5xx_hal_pwr_ex.o
 .debug_line    0x000000000000737c     0x156f ./Drivers/STM32U5xx_HAL_Driver/Src/stm32u5xx_hal_rcc.o
 .debug_line    0x00000000000088eb     0x217f ./Drivers/STM32U5xx_HAL_Driver/Src/stm32u5xx_hal_rcc_ex.o
 .debug_line    0x000000000000aa6a     0x387e ./Drivers/STM32U5xx_HAL_Driver/Src/stm32u5xx_hal_uart.o
 .debug_line    0x000000000000e2e8      0xf8e ./Drivers/STM32U5xx_HAL_Driver/Src/stm32u5xx_hal_uart_ex.o

.debug_str      0x0000000000000000   0x136ca6
 .debug_str     0x0000000000000000   0x12f8ae ./Core/Src/main.o
                                     0x130484 (size before relaxing)
 .debug_str     0x000000000012f8ae      0x3ad ./Core/Src/stm32u5xx_hal_msp.o
                                     0x130378 (size before relaxing)
 .debug_str     0x000000000012fc5b       0xc9 ./Core/Src/stm32u5xx_it.o
                                     0x12f76d (size before relaxing)
 .debug_str     0x000000000012fd24      0x4da ./Core/Src/sysmem.o
                                       0x5db8 (size before relaxing)
 .debug_str     0x00000000001301fe      0x1b8 ./Core/Src/system_stm32u5xx.o
                                     0x12fab2 (size before relaxing)
 .debug_str     0x00000000001303b6       0xb0 ./Core/Src/task_5.o
                                     0x12ff87 (size before relaxing)
 .debug_str     0x0000000000130466       0x37 ./Core/Startup/startup_stm32u585aiixq.o
                                         0x59 (size before relaxing)
 .debug_str     0x000000000013049d      0xe3d ./Drivers/STM32U5xx_HAL_Driver/Src/stm32u5xx_hal.o
                                     0x130895 (size before relaxing)
 .debug_str     0x00000000001312da      0x3c9 ./Drivers/STM32U5xx_HAL_Driver/Src/stm32u5xx_hal_cortex.o
                                     0x1306bc (size before relaxing)
 .debug_str     0x00000000001316a3      0x2a0 ./Drivers/STM32U5xx_HAL_Driver/Src/stm32u5xx_hal_gpio.o
                                     0x12fab9 (size before relaxing)
 .debug_str     0x0000000000131943      0x6a8 ./Drivers/STM32U5xx_HAL_Driver/Src/stm32u5xx_hal_icache.o
                                     0x12fe06 (size before relaxing)
 .debug_str     0x0000000000131feb      0x807 ./Drivers/STM32U5xx_HAL_Driver/Src/stm32u5xx_hal_pwr_ex.o
                                     0x1301e8 (size before relaxing)
 .debug_str     0x00000000001327f2     0x12d2 ./Drivers/STM32U5xx_HAL_Driver/Src/stm32u5xx_hal_rcc.o
                                     0x131189 (size before relaxing)
 .debug_str     0x0000000000133ac4     0x252c ./Drivers/STM32U5xx_HAL_Driver/Src/stm32u5xx_hal_rcc_ex.o
                                     0x132430 (size before relaxing)
 .debug_str     0x0000000000135ff0      0x993 ./Drivers/STM32U5xx_HAL_Driver/Src/stm32u5xx_hal_uart.o
                                     0x130762 (size before relaxing)
 .debug_str     0x0000000000136983      0x323 ./Drivers/STM32U5xx_HAL_Driver/Src/stm32u5xx_hal_uart_ex.o
                                     0x1301fa (size before relaxing)

.comment        0x0000000000000000       0x50
 .comment       0x0000000000000000       0x50 ./Core/Src/main.o
                                         0x51 (size before relaxing)
 .comment       0x0000000000000050       0x51 ./Core/Src/stm32u5xx_hal_msp.o
 .comment       0x0000000000000050       0x51 ./Core/Src/stm32u5xx_it.o
 .comment       0x0000000000000050       0x51 ./Core/Src/sysmem.o
 .comment       0x0000000000000050       0x51 ./Core/Src/system_stm32u5xx.o
 .comment       0x0000000000000050       0x51 ./Core/Src/task_5.o
 .comment       0x0000000000000050       0x51 ./Drivers/STM32U5xx_HAL_Driver/Src/stm32u5xx_hal.o
 .comment       0x0000000000000050       0x51 ./Drivers/STM32U5xx_HAL_Driver/Src/stm32u5xx_hal_cortex.o
 .comment       0x0000000000000050       0x51 ./Drivers/STM32U5xx_HAL_Driver/Src/stm32u5xx_hal_gpio.o
 .comment       0x0000000000000050       0x51 ./Drivers/STM32U5xx_HAL_Driver/Src/stm32u5xx_hal_icache.o
 .comment       0x0000000000000050       0x51 ./Drivers/STM32U5xx_HAL_Driver/Src/stm32u5xx_hal_pwr_ex.o
 .comment       0x0000000000000050       0x51 ./Drivers/STM32U5xx_HAL_Driver/Src/stm32u5xx_hal_rcc.o
 .comment       0x0000000000000050       0x51 ./Drivers/STM32U5xx_HAL_Driver/Src/stm32u5xx_hal_rcc_ex.o
 .comment       0x0000000000000050       0x51 ./Drivers/STM32U5xx_HAL_Driver/Src/stm32u5xx_hal_uart.o
 .comment       0x0000000000000050       0x51 ./Drivers/STM32U5xx_HAL_Driver/Src/stm32u5xx_hal_uart_ex.o

.debug_frame    0x0000000000000000     0x33a0
 .debug_frame   0x0000000000000000       0xe4 ./Core/Src/main.o
 .debug_frame   0x00000000000000e4       0x84 ./Core/Src/stm32u5xx_hal_msp.o
 .debug_frame   0x0000000000000168      0x104 ./Core/Src/stm32u5xx_it.o
 .debug_frame   0x000000000000026c       0x34 ./Core/Src/sysmem.o
 .debug_frame   0x00000000000002a0       0x58 ./Core/Src/system_stm32u5xx.o
 .debug_frame   0x00000000000002f8       0x90 ./Core/Src/task_5.o
 .debug_frame   0x0000000000000388      0x460 ./Drivers/STM32U5xx_HAL_Driver/Src/stm32u5xx_hal.o
 .debug_frame   0x00000000000007e8      0x508 ./Drivers/STM32U5xx_HAL_Driver/Src/stm32u5xx_hal_cortex.o
 .debug_frame   0x0000000000000cf0      0x1c4 ./Drivers/STM32U5xx_HAL_Driver/Src/stm32u5xx_hal_gpio.o
 .debug_frame   0x0000000000000eb4      0x29c ./Drivers/STM32U5xx_HAL_Driver/Src/stm32u5xx_hal_icache.o
 .debug_frame   0x0000000000001150      0x84c ./Drivers/STM32U5xx_HAL_Driver/Src/stm32u5xx_hal_pwr_ex.o
 .debug_frame   0x000000000000199c      0x28c ./Drivers/STM32U5xx_HAL_Driver/Src/stm32u5xx_hal_rcc.o
 .debug_frame   0x0000000000001c28      0x53c ./Drivers/STM32U5xx_HAL_Driver/Src/stm32u5xx_hal_rcc_ex.o
 .debug_frame   0x0000000000002164      0xa84 ./Drivers/STM32U5xx_HAL_Driver/Src/stm32u5xx_hal_uart.o
 .debug_frame   0x0000000000002be8      0x2ec ./Drivers/STM32U5xx_HAL_Driver/Src/stm32u5xx_hal_uart_ex.o
 .debug_frame   0x0000000000002ed4       0x20 c:/st/stm32cubeide_1.10.1/stm32cubeide/plugins/com.st.stm32cube.ide.mcu.externaltools.gnu-tools-for-stm32.10.3-2021.10.win32_1.0.0.202111181127/tools/bin/../lib/gcc/arm-none-eabi/10.3.1/../../../../arm-none-eabi/lib/thumb/v8-m.main+fp/hard\libc_nano.a(lib_a-errno.o)
 .debug_frame   0x0000000000002ef4       0x2c c:/st/stm32cubeide_1.10.1/stm32cubeide/plugins/com.st.stm32cube.ide.mcu.externaltools.gnu-tools-for-stm32.10.3-2021.10.win32_1.0.0.202111181127/tools/bin/../lib/gcc/arm-none-eabi/10.3.1/../../../../arm-none-eabi/lib/thumb/v8-m.main+fp/hard\libc_nano.a(lib_a-init.o)
 .debug_frame   0x0000000000002f20       0x20 c:/st/stm32cubeide_1.10.1/stm32cubeide/plugins/com.st.stm32cube.ide.mcu.externaltools.gnu-tools-for-stm32.10.3-2021.10.win32_1.0.0.202111181127/tools/bin/../lib/gcc/arm-none-eabi/10.3.1/../../../../arm-none-eabi/lib/thumb/v8-m.main+fp/hard\libc_nano.a(lib_a-memset.o)
 .debug_frame   0x0000000000002f40       0x4c c:/st/stm32cubeide_1.10.1/stm32cubeide/plugins/com.st.stm32cube.ide.mcu.externaltools.gnu-tools-for-stm32.10.3-2021.10.win32_1.0.0.202111181127/tools/bin/../lib/gcc/arm-none-eabi/10.3.1/../../../../arm-none-eabi/lib/thumb/v8-m.main+fp/hard\libc_nano.a(lib_a-vsnprintf.o)
 .debug_frame   0x0000000000002f8c       0x90 c:/st/stm32cubeide_1.10.1/stm32cubeide/plugins/com.st.stm32cube.ide.mcu.externaltools.gnu-tools-for-stm32.10.3-2021.10.win32_1.0.0.202111181127/tools/bin/../lib/gcc/arm-none-eabi/10.3.1/../../../../arm-none-eabi/lib/thumb/v8-m.main+fp/hard\libc_nano.a(lib_a-nano-svfprintf.o)
 .debug_frame   0x000000000000301c       0x60 c:/st/stm32cubeide_1.10.1/stm32cubeide/plugins/com.st.stm32cube.ide.mcu.externaltools.gnu-tools-for-stm32.10.3-2021.10.win32_1.0.0.202111181127/tools/bin/../lib/gcc/arm-none-eabi/10.3.1/../../../../arm-none-eabi/lib/thumb/v8-m.main+fp/hard\libc_nano.a(lib_a-nano-vfprintf_i.o)
 .debug_frame   0x000000000000307c       0x28 c:/st/stm32cubeide_1.10.1/stm32cubeide/plugins/com.st.stm32cube.ide.mcu.externaltools.gnu-tools-for-stm32.10.3-2021.10.win32_1.0.0.202111181127/tools/bin/../lib/gcc/arm-none-eabi/10.3.1/../../../../arm-none-eabi/lib/thumb/v8-m.main+fp/hard\libc_nano.a(lib_a-memchr-stub.o)
 .debug_frame   0x00000000000030a4       0x28 c:/st/stm32cubeide_1.10.1/stm32cubeide/plugins/com.st.stm32cube.ide.mcu.externaltools.gnu-tools-for-stm32.10.3-2021.10.win32_1.0.0.202111181127/tools/bin/../lib/gcc/arm-none-eabi/10.3.1/../../../../arm-none-eabi/lib/thumb/v8-m.main+fp/hard\libc_nano.a(lib_a-memcpy-stub.o)
 .debug_frame   0x00000000000030cc       0x28 c:/st/stm32cubeide_1.10.1/stm32cubeide/plugins/com.st.stm32cube.ide.mcu.externaltools.gnu-tools-for-stm32.10.3-2021.10.win32_1.0.0.202111181127/tools/bin/../lib/gcc/arm-none-eabi/10.3.1/../../../../arm-none-eabi/lib/thumb/v8-m.main+fp/hard\libc_nano.a(lib_a-memmove.o)
 .debug_frame   0x00000000000030f4       0x38 c:/st/stm32cubeide_1.10.1/stm32cubeide/plugins/com.st.stm32cube.ide.mcu.externaltools.gnu-tools-for-stm32.10.3-2021.10.win32_1.0.0.202111181127/tools/bin/../lib/gcc/arm-none-eabi/10.3.1/../../../../arm-none-eabi/lib/thumb/v8-m.main+fp/hard\libc_nano.a(lib_a-nano-freer.o)
 .debug_frame   0x000000000000312c       0x4c c:/st/stm32cubeide_1.10.1/stm32cubeide/plugins/com.st.stm32cube.ide.mcu.externaltools.gnu-tools-for-stm32.10.3-2021.10.win32_1.0.0.202111181127/tools/bin/../lib/gcc/arm-none-eabi/10.3.1/../../../../arm-none-eabi/lib/thumb/v8-m.main+fp/hard\libc_nano.a(lib_a-nano-mallocr.o)
 .debug_frame   0x0000000000003178       0x3c c:/st/stm32cubeide_1.10.1/stm32cubeide/plugins/com.st.stm32cube.ide.mcu.externaltools.gnu-tools-for-stm32.10.3-2021.10.win32_1.0.0.202111181127/tools/bin/../lib/gcc/arm-none-eabi/10.3.1/../../../../arm-none-eabi/lib/thumb/v8-m.main+fp/hard\libc_nano.a(lib_a-nano-reallocr.o)
 .debug_frame   0x00000000000031b4       0x2c c:/st/stm32cubeide_1.10.1/stm32cubeide/plugins/com.st.stm32cube.ide.mcu.externaltools.gnu-tools-for-stm32.10.3-2021.10.win32_1.0.0.202111181127/tools/bin/../lib/gcc/arm-none-eabi/10.3.1/../../../../arm-none-eabi/lib/thumb/v8-m.main+fp/hard\libc_nano.a(lib_a-sbrkr.o)
 .debug_frame   0x00000000000031e0       0x30 c:/st/stm32cubeide_1.10.1/stm32cubeide/plugins/com.st.stm32cube.ide.mcu.externaltools.gnu-tools-for-stm32.10.3-2021.10.win32_1.0.0.202111181127/tools/bin/../lib/gcc/arm-none-eabi/10.3.1/../../../../arm-none-eabi/lib/thumb/v8-m.main+fp/hard\libc_nano.a(lib_a-mlock.o)
 .debug_frame   0x0000000000003210       0x20 c:/st/stm32cubeide_1.10.1/stm32cubeide/plugins/com.st.stm32cube.ide.mcu.externaltools.gnu-tools-for-stm32.10.3-2021.10.win32_1.0.0.202111181127/tools/bin/../lib/gcc/arm-none-eabi/10.3.1/../../../../arm-none-eabi/lib/thumb/v8-m.main+fp/hard\libc_nano.a(lib_a-nano-msizer.o)
 .debug_frame   0x0000000000003230       0x5c c:/st/stm32cubeide_1.10.1/stm32cubeide/plugins/com.st.stm32cube.ide.mcu.externaltools.gnu-tools-for-stm32.10.3-2021.10.win32_1.0.0.202111181127/tools/bin/../lib/gcc/arm-none-eabi/10.3.1/../../../../arm-none-eabi/lib/thumb/v8-m.main+fp/hard\libc_nano.a(lib_a-reent.o)
 .debug_frame   0x000000000000328c       0xb0 c:/st/stm32cubeide_1.10.1/stm32cubeide/plugins/com.st.stm32cube.ide.mcu.externaltools.gnu-tools-for-stm32.10.3-2021.10.win32_1.0.0.202111181127/tools/bin/../lib/gcc/arm-none-eabi/10.3.1/../../../../arm-none-eabi/lib/thumb/v8-m.main+fp/hard\libc_nano.a(lib_a-lock.o)
 .debug_frame   0x000000000000333c       0x2c c:/st/stm32cubeide_1.10.1/stm32cubeide/plugins/com.st.stm32cube.ide.mcu.externaltools.gnu-tools-for-stm32.10.3-2021.10.win32_1.0.0.202111181127/tools/bin/../lib/gcc/arm-none-eabi/10.3.1/thumb/v8-m.main+fp/hard\libgcc.a(_aeabi_uldivmod.o)
 .debug_frame   0x0000000000003368       0x38 c:/st/stm32cubeide_1.10.1/stm32cubeide/plugins/com.st.stm32cube.ide.mcu.externaltools.gnu-tools-for-stm32.10.3-2021.10.win32_1.0.0.202111181127/tools/bin/../lib/gcc/arm-none-eabi/10.3.1/thumb/v8-m.main+fp/hard\libgcc.a(_udivmoddi4.o)
